Archive member included to satisfy reference by file (symbol)

c:/program files/microchip/xc32/v4.45/bin/bin/../../lib/gcc/pic32c/8.3.1/../../../../pic32c/lib/thumb/v8-m.base/nofp\libpic32c.a(data_init.o)
                              build/default/debug/_ext/1171490990/startup_xc32.o (__pic32c_data_initialization)
c:/program files/microchip/xc32/v4.45/bin/bin/../../lib/gcc/pic32c/8.3.1/../../../../pic32c/lib/thumb/v8-m.base/nofp\libc-size-musl.a(memcpy.o)
                              build/default/debug/_ext/1593096446/plib_nvmctrl.o (memcpy)
c:/program files/microchip/xc32/v4.45/bin/bin/../../lib/gcc/pic32c/8.3.1/../../../../pic32c/lib/thumb/v8-m.base/nofp\libg-musl.a(__libc_start_main.o)
                              build/default/debug/_ext/1171490990/startup_xc32.o (__libc_init_array)
c:/program files/microchip/xc32/v4.45/bin/bin/../../lib/gcc/pic32c/8.3.1/../../../../pic32c/lib/thumb/v8-m.base/nofp\libg-musl.a(libc.o)
                              c:/program files/microchip/xc32/v4.45/bin/bin/../../lib/gcc/pic32c/8.3.1/../../../../pic32c/lib/thumb/v8-m.base/nofp\libg-musl.a(__libc_start_main.o) (__progname_full)
c:/program files/microchip/xc32/v4.45/bin/bin/../../lib/gcc/pic32c/8.3.1/../../../../pic32c/lib/thumb/v8-m.base/nofp\libg-musl.a(stdin.o)
                              build/default/debug/_ext/1171490990/initialization.o (_stdin)
c:/program files/microchip/xc32/v4.45/bin/bin/../../lib/gcc/pic32c/8.3.1/../../../../pic32c/lib/thumb/v8-m.base/nofp\libg-musl.a(stdout.o)
                              build/default/debug/_ext/1171490990/initialization.o (_stdout)
c:/program files/microchip/xc32/v4.45/bin/bin/../../lib/gcc/pic32c/8.3.1/../../../../pic32c/lib/thumb/v8-m.base/nofp\libg-musl.a(setbuf.o)
                              build/default/debug/_ext/1171490990/initialization.o (setbuf)
c:/program files/microchip/xc32/v4.45/bin/bin/../../lib/gcc/pic32c/8.3.1/../../../../pic32c/lib/thumb/v8-m.base/nofp\libg-musl.a(__environ.o)
                              c:/program files/microchip/xc32/v4.45/bin/bin/../../lib/gcc/pic32c/8.3.1/../../../../pic32c/lib/thumb/v8-m.base/nofp\libg-musl.a(__libc_start_main.o) (__environ)
c:/program files/microchip/xc32/v4.45/bin/bin/../../lib/gcc/pic32c/8.3.1/../../../../pic32c/lib/thumb/v8-m.base/nofp\libg-musl.a(__io_init_needed.o)
                              c:/program files/microchip/xc32/v4.45/bin/bin/../../lib/gcc/pic32c/8.3.1/../../../../pic32c/lib/thumb/v8-m.base/nofp\libg-musl.a(stdout.o) (__io_init_needed)
c:/program files/microchip/xc32/v4.45/bin/bin/../../lib/gcc/pic32c/8.3.1/../../../../pic32c/lib/thumb/v8-m.base/nofp\libg-musl.a(__io_rw_needed.o)
                              c:/program files/microchip/xc32/v4.45/bin/bin/../../lib/gcc/pic32c/8.3.1/../../../../pic32c/lib/thumb/v8-m.base/nofp\libg-musl.a(stdin.o) (__io_rw_needed)
c:/program files/microchip/xc32/v4.45/bin/bin/../../lib/gcc/pic32c/8.3.1/../../../../pic32c/lib/thumb/v8-m.base/nofp\libg-musl.a(__stdio_read.o)
                              c:/program files/microchip/xc32/v4.45/bin/bin/../../lib/gcc/pic32c/8.3.1/../../../../pic32c/lib/thumb/v8-m.base/nofp\libg-musl.a(stdin.o) (__stdio_read)
c:/program files/microchip/xc32/v4.45/bin/bin/../../lib/gcc/pic32c/8.3.1/../../../../pic32c/lib/thumb/v8-m.base/nofp\libg-musl.a(__towrite_rw.o)
                              c:/program files/microchip/xc32/v4.45/bin/bin/../../lib/gcc/pic32c/8.3.1/../../../../pic32c/lib/thumb/v8-m.base/nofp\libg-musl.a(__io_rw_needed.o) (__towrite_rw_needed)
c:/program files/microchip/xc32/v4.45/bin/bin/../../lib/gcc/pic32c/8.3.1/../../../../pic32c/lib/thumb/v8-m.base/nofp\libg-musl.a(setvbuf.o)
                              c:/program files/microchip/xc32/v4.45/bin/bin/../../lib/gcc/pic32c/8.3.1/../../../../pic32c/lib/thumb/v8-m.base/nofp\libg-musl.a(setbuf.o) (setvbuf)
c:/program files/microchip/xc32/v4.45/bin/bin/../../lib/gcc/pic32c/8.3.1/../../../../pic32c/lib/thumb/v8-m.base/nofp\libg-musl.a(readv.o)
                              c:/program files/microchip/xc32/v4.45/bin/bin/../../lib/gcc/pic32c/8.3.1/../../../../pic32c/lib/thumb/v8-m.base/nofp\libg-musl.a(__stdio_read.o) (readv)
c:/program files/microchip/xc32/v4.45/bin/bin/../../lib/gcc/pic32c/8.3.1/../../../../pic32c/lib/thumb/v8-m.base/nofp\libg-musl.a(__fopen_rw.o)
                              c:/program files/microchip/xc32/v4.45/bin/bin/../../lib/gcc/pic32c/8.3.1/../../../../pic32c/lib/thumb/v8-m.base/nofp\libg-musl.a(__io_rw_needed.o) (__fopen_rw_needed)
c:/program files/microchip/xc32/v4.45/bin/bin/../../lib/gcc/pic32c/8.3.1/../../../../pic32c/lib/thumb/v8-m.base/nofp\libg-musl.a(__ftello_rw.o)
                              c:/program files/microchip/xc32/v4.45/bin/bin/../../lib/gcc/pic32c/8.3.1/../../../../pic32c/lib/thumb/v8-m.base/nofp\libg-musl.a(__io_rw_needed.o) (__ftello_adj_rw_needed)
c:/program files/microchip/xc32/v4.45/bin/bin/../../lib/gcc/pic32c/8.3.1/../../../../pic32c/lib/thumb/v8-m.base/nofp\libg-musl.a(__init_stdio.o)
[...]
Memory Configuration

Name             Origin             Length             Attributes
rom              0x0000000000000000 0x0000000000004000 xrl
ram              0x0000000020000000 0x0000000000001000 xw !r
config_00804000  0x0000000000804000 0x0000000000000004
config_00804004  0x0000000000804004 0x0000000000000004
config_0080C004  0x000000000080c004 0x0000000000000004
config_0080C040  0x000000000080c040 0x0000000000000004
config_0080C044  0x000000000080c044 0x0000000000000004
config_0080C048  0x000000000080c048 0x0000000000000004
config_0080C04C  0x000000000080c04c 0x0000000000000004
*default*        0x0000000000000000 0xffffffffffffffff

Linker script and memory map

LOAD c:/program files/microchip/xc32/v4.45/bin/bin/../../lib/gcc/pic32c/8.3.1/thumb/v8-m.base/nofp/crti.o
LOAD c:/program files/microchip/xc32/v4.45/bin/bin/../../lib/gcc/pic32c/8.3.1/thumb/v8-m.base/nofp/crtbegin.o
LOAD build/default/debug/_ext/1984496892/plib_clock.o
LOAD build/default/debug/_ext/1986646378/plib_evsys.o
LOAD build/default/debug/_ext/1865468468/plib_nvic.o
LOAD build/default/debug/_ext/1593096446/plib_nvmctrl.o
LOAD build/default/debug/_ext/829342769/plib_pm.o
LOAD build/default/debug/_ext/1865521619/plib_port.o
LOAD build/default/debug/_ext/163028504/xc32_monitor.o
LOAD build/default/debug/_ext/1171490990/initialization.o
LOAD build/default/debug/_ext/1171490990/startup_xc32.o
LOAD build/default/debug/_ext/1171490990/exceptions.o
LOAD build/default/debug/_ext/1171490990/interrupts.o
LOAD build/default/debug/_ext/1171490990/libc_syscalls.o
LOAD build/default/debug/_ext/1360937237/main.o
LOAD build/default/debug/GPIO_Methods.o
LOAD build/default/debug/Interrupt_Handlers.o
LOAD build/default/debug/Timer0_Methods.o
LOAD build/default/debug/SERCOM0_Methods_SPI.o
LOAD build/default/debug/SERCOM1_Methods_UART.o
LOAD build/default/debug/CircularQueue.o
LOAD build/default/debug/Pervaise_Display_E_Paper_Drivers.o
LOAD build/default/debug/ESP8266_01S_Methods_UART.o
LOAD build/default/debug/Delay.o
                0x0000000000000001                __MPLAB_BUILD = 0x1
                0x0000000000004000                __rom_end = (ORIGIN (rom) + LENGTH (rom))
                0x0000000020001000                __ram_end = (ORIGIN (ram) + LENGTH (ram))

.config_00804000
 *(.config_00804000)

.config_00804004
 *(.config_00804004)

.config_0080C004
 *(.config_0080C004)

.config_0080C040
 *(.config_0080C040)

.config_0080C044
 *(.config_0080C044)

.config_0080C048
 *(.config_0080C048)

.config_0080C04C
 *(.config_0080C04C)

.vectors        0x0000000000000000       0xf4
                0x0000000000000000                . = ALIGN (0x4)
                0x0000000000000000                _sfixed = .
 *(.vectors .vectors.* .vectors_default .vectors_default.*)
 .vectors.exception_table
                0x0000000000000000       0xf4 build/default/debug/_ext/1171490990/interrupts.o
                0x0000000000000000                exception_table
 *(.isr_vector)
 *(.reset*)
 *(.after_vectors)

.text           0x00000000000000f4       0x20
                0x00000000000000f4                . = ALIGN (0x4)
 *(.glue_7t)
 .glue_7t       0x00000000000000f4        0x0 linker stubs
 *(.glue_7)
 .glue_7        0x00000000000000f4        0x0 linker stubs
 *(.gnu.linkonce.r.*)
 *(.ARM.extab* .gnu.linkonce.armextab.*)
                0x00000000000000f4                . = ALIGN (0x4)
 *(.init)
 .init          0x00000000000000f4        0x4 c:/program files/microchip/xc32/v4.45/bin/bin/../../lib/gcc/pic32c/8.3.1/thumb/v8-m.base/nofp/crti.o
                0x00000000000000f4                _init
 .init          0x00000000000000f8        0x8 c:/program files/microchip/xc32/v4.45/bin/bin/../../lib/gcc/pic32c/8.3.1/thumb/v8-m.base/nofp/crtn.o
                0x0000000000000100                . = ALIGN (0x4)
                0x0000000000000100                __preinit_array_start = .
 *(.preinit_array)
                0x0000000000000100                __preinit_array_end = .
                0x0000000000000100                . = ALIGN (0x4)
                0x0000000000000100                __init_array_start = .
 *(SORT_BY_NAME(.init_array.*))
 *(.init_array)
 .init_array    0x0000000000000100        0x4 c:/program files/microchip/xc32/v4.45/bin/bin/../../lib/gcc/pic32c/8.3.1/thumb/v8-m.base/nofp/crtbegin.o
                0x0000000000000104                __init_array_end = .
                0x0000000000000104                . = ALIGN (0x4)
 *crtbegin.o(.ctors)
 *(EXCLUDE_FILE(*crtend.o) .ctors)
 *(SORT_BY_NAME(.ctors.*))
 *crtend.o(.ctors)
                0x0000000000000104                . = ALIGN (0x4)
 *(.fini)
 .fini          0x0000000000000104        0x4 c:/program files/microchip/xc32/v4.45/bin/bin/../../lib/gcc/pic32c/8.3.1/thumb/v8-m.base/nofp/crti.o
                0x0000000000000104                _fini
 .fini          0x0000000000000108        0x8 c:/program files/microchip/xc32/v4.45/bin/bin/../../lib/gcc/pic32c/8.3.1/thumb/v8-m.base/nofp/crtn.o
                0x0000000000000110                . = ALIGN (0x4)
                0x0000000000000110                __fini_array_start = .
 *(.fini_array)
 .fini_array    0x0000000000000110        0x4 c:/program files/microchip/xc32/v4.45/bin/bin/../../lib/gcc/pic32c/8.3.1/thumb/v8-m.base/nofp/crtbegin.o
 *(SORT_BY_NAME(.fini_array.*))
                0x0000000000000114                __fini_array_end = .
 *crtbegin.o(.dtors)
 *(EXCLUDE_FILE(*crtend.o) .dtors)
 *(SORT_BY_NAME(.dtors.*))
 *crtend.o(.dtors)
                0x0000000000000114                . = ALIGN (0x4)
                0x0000000000000114                _efixed = .
                [!provide]                        PROVIDE (__exidx_start = .)

.ARM.exidx
 *(.ARM.exidx* .gnu.linkonce.armexidx.*)
                [!provide]                        PROVIDE (__exidx_end = .)
                0x0000000000000114                . = ALIGN (0x4)
                0x0000000000000114                _etext = .

.bss            0x0000000020000000        0x0
                0x0000000020000000                . = ALIGN (0x4)
                0x0000000020000000                __bss_start__ = .
                0x0000000020000000                _sbss = .
                0x0000000020000000                _szero = .
 *(COMMON)
                0x0000000020000000                . = ALIGN (0x4)
                0x0000000020000000                __bss_end__ = .
                0x0000000020000000                _ebss = .
                0x0000000020000000                _ezero = .
                0x0000000020000000                . = ALIGN (0x4)
                0x0000000020000000                _end = .
                0x0000000020000fff                _ram_end_ = ((ORIGIN (ram) + LENGTH (ram)) - 0x1)
                0x0000000000000001                __ICD2RAM = 0x1
                0x0000000000000001                __MPLAB_DEBUG = 0x1
                0x0000000000000001                __DEBUG = 0x1
                0x0000000000000200                _min_heap_size = 0x200
START GROUP
LOAD c:/program files/microchip/xc32/v4.45/bin/bin/../../lib/gcc/pic32c/8.3.1/../../../../pic32c/lib/thumb/v8-m.base/nofp\libpic32c.a
LOAD c:/program files/microchip/xc32/v4.45/bin/bin/../../lib/gcc/pic32c/8.3.1/../../../../pic32c/lib/thumb/v8-m.base/nofp\libc-size-musl.a
LOAD c:/program files/microchip/xc32/v4.45/bin/bin/../../lib/gcc/pic32c/8.3.1/../../../../pic32c/lib/thumb/v8-m.base/nofp\liblmalloc-musl.a
LOAD c:/program files/microchip/xc32/v4.45/bin/bin/../../lib/gcc/pic32c/8.3.1/../../../../pic32c/lib/thumb/v8-m.base/nofp\libm-fast-emfloat.a
LOAD c:/program files/microchip/xc32/v4.45/bin/bin/../../lib/gcc/pic32c/8.3.1/../../../../pic32c/lib/thumb/v8-m.base/nofp\libm-musl.a
LOAD c:/program files/microchip/xc32/v4.45/bin/bin/../../lib/gcc/pic32c/8.3.1/../../../../pic32c/lib/thumb/v8-m.base/nofp\libg-musl.a
LOAD c:/program files/microchip/xc32/v4.45/bin/bin/../../lib/gcc/pic32c/8.3.1/../../../../pic32c/lib/thumb/v8-m.base/nofp\libc-musl.a
LOAD c:/program files/microchip/xc32/v4.45/bin/bin/../../lib/gcc/pic32c/8.3.1/../../../../pic32c/lib/thumb/v8-m.base/nofp\libm-fast-emfloat.a
LOAD c:/program files/microchip/xc32/v4.45/bin/bin/../../lib/gcc/pic32c/8.3.1/../../../../pic32c/lib/thumb/v8-m.base/nofp\libm-musl.a
LOAD c:/program files/microchip/xc32/v4.45/bin/bin/../../lib/gcc/pic32c/8.3.1/thumb/v8-m.base/nofp\libgcc.a
END GROUP
LOAD c:/program files/microchip/xc32/v4.45/bin/bin/../../lib/gcc/pic32c/8.3.1/thumb/v8-m.base/nofp/crtend.o
LOAD c:/program files/microchip/xc32/v4.45/bin/bin/../../lib/gcc/pic32c/8.3.1/thumb/v8-m.base/nofp/crtn.o
OUTPUT(dist/default/debug/E_Paper_IOT_Proof_Of_Concept.X.debug.elf elf32-littlearm)
LOAD data_init
LOAD stack

.ARM.attributes
                0x0000000000000000       0x30
 .ARM.attributes
                0x0000000000000000       0x22 c:/program files/microchip/xc32/v4.45/bin/bin/../../lib/gcc/pic32c/8.3.1/thumb/v8-m.base/nofp/crti.o
 .ARM.attributes
                0x0000000000000022       0x30 c:/program files/microchip/xc32/v4.45/bin/bin/../../lib/gcc/pic32c/8.3.1/thumb/v8-m.base/nofp/crtbegin.o
 .ARM.attributes
                0x0000000000000052       0x30 build/default/debug/_ext/1984496892/plib_clock.o
 .ARM.attributes
                0x0000000000000082       0x30 build/default/debug/_ext/1986646378/plib_evsys.o
 .ARM.attributes
                0x00000000000000b2       0x30 build/default/debug/_ext/1865468468/plib_nvic.o
 .ARM.attributes
                0x00000000000000e2       0x30 build/default/debug/_ext/1593096446/plib_nvmctrl.o
 .ARM.attributes
                0x0000000000000112       0x30 build/default/debug/_ext/829342769/plib_pm.o
 .ARM.attributes
                0x0000000000000142       0x30 build/default/debug/_ext/163028504/xc32_monitor.o
 .ARM.attributes
                0x0000000000000172       0x30 build/default/debug/_ext/1171490990/initialization.o
 .ARM.attributes
                0x00000000000001a2       0x30 build/default/debug/_ext/1171490990/startup_xc32.o
 .ARM.attributes
                0x00000000000001d2       0x30 build/default/debug/_ext/1171490990/exceptions.o
 .ARM.attributes
                0x0000000000000202       0x30 build/default/debug/_ext/1171490990/interrupts.o
 .ARM.attributes
                0x0000000000000232       0x30 build/default/debug/_ext/1360937237/main.o
 .ARM.attributes
                0x0000000000000262       0x30 build/default/debug/GPIO_Methods.o
 .ARM.attributes
                0x0000000000000292       0x30 build/default/debug/Interrupt_Handlers.o
 .ARM.attributes
                0x00000000000002c2       0x30 build/default/debug/Timer0_Methods.o
 .ARM.attributes
                0x00000000000002f2       0x30 build/default/debug/SERCOM0_Methods_SPI.o
 .ARM.attributes
                0x0000000000000322       0x30 build/default/debug/SERCOM1_Methods_UART.o
 .ARM.attributes
                0x0000000000000352       0x30 build/default/debug/Pervaise_Display_E_Paper_Drivers.o
 .ARM.attributes
                0x0000000000000382       0x30 c:/program files/microchip/xc32/v4.45/bin/bin/../../lib/gcc/pic32c/8.3.1/../../../../pic32c/lib/thumb/v8-m.base/nofp\libpic32c.a(data_init.o)
 .ARM.attributes
                0x00000000000003b2       0x32 c:/program files/microchip/xc32/v4.45/bin/bin/../../lib/gcc/pic32c/8.3.1/../../../../pic32c/lib/thumb/v8-m.base/nofp\libc-size-musl.a(memcpy.o)
 .ARM.attributes
                0x00000000000003e4       0x32 c:/program files/microchip/xc32/v4.45/bin/bin/../../lib/gcc/pic32c/8.3.1/../../../../pic32c/lib/thumb/v8-m.base/nofp\libg-musl.a(__libc_start_main.o)
 .ARM.attributes
                0x0000000000000416       0x32 c:/program files/microchip/xc32/v4.45/bin/bin/../../lib/gcc/pic32c/8.3.1/../../../../pic32c/lib/thumb/v8-m.base/nofp\libg-musl.a(libc.o)
 .ARM.attributes
                0x0000000000000448       0x32 c:/program files/microchip/xc32/v4.45/bin/bin/../../lib/gcc/pic32c/8.3.1/../../../../pic32c/lib/thumb/v8-m.base/nofp\libg-musl.a(stdin.o)
 .ARM.attributes
                0x000000000000047a       0x32 c:/program files/microchip/xc32/v4.45/bin/bin/../../lib/gcc/pic32c/8.3.1/../../../../pic32c/lib/thumb/v8-m.base/nofp\libg-musl.a(stdout.o)
 .ARM.attributes
                0x00000000000004ac       0x32 c:/program files/microchip/xc32/v4.45/bin/bin/../../lib/gcc/pic32c/8.3.1/../../../../pic32c/lib/thumb/v8-m.base/nofp\libg-musl.a(setbuf.o)
 .ARM.attributes
                0x00000000000004de       0x32 c:/program files/microchip/xc32/v4.45/bin/bin/../../lib/gcc/pic32c/8.3.1/../../../../pic32c/lib/thumb/v8-m.base/nofp\libg-musl.a(__environ.o)
 .ARM.attributes
                0x0000000000000510       0x32 c:/program files/microchip/xc32/v4.45/bin/bin/../../lib/gcc/pic32c/8.3.1/../../../../pic32c/lib/thumb/v8-m.base/nofp\libg-musl.a(__stdio_read.o)
 .ARM.attributes
                0x0000000000000542       0x32 c:/program files/microchip/xc32/v4.45/bin/bin/../../lib/gcc/pic32c/8.3.1/../../../../pic32c/lib/thumb/v8-m.base/nofp\libg-musl.a(__towrite_rw.o)
 .ARM.attributes
                0x0000000000000574       0x32 c:/program files/microchip/xc32/v4.45/bin/bin/../../lib/gcc/pic32c/8.3.1/../../../../pic32c/lib/thumb/v8-m.base/nofp\libg-musl.a(setvbuf.o)
 .ARM.attributes
                0x00000000000005a6       0x32 c:/program files/microchip/xc32/v4.45/bin/bin/../../lib/gcc/pic32c/8.3.1/../../../../pic32c/lib/thumb/v8-m.base/nofp\libg-musl.a(readv.o)
 .ARM.attributes
                0x00000000000005d8       0x32 c:/program files/microchip/xc32/v4.45/bin/bin/../../lib/gcc/pic32c/8.3.1/../../../../pic32c/lib/thumb/v8-m.base/nofp\libg-musl.a(__init_stdio.o)
 .ARM.attributes
                0x000000000000060a       0x32 c:/program files/microchip/xc32/v4.45/bin/bin/../../lib/gcc/pic32c/8.3.1/../../../../pic32c/lib/thumb/v8-m.base/nofp\libg-musl.a(__out.o)
 .ARM.attributes
                0x000000000000063c       0x32 c:/program files/microchip/xc32/v4.45/bin/bin/../../lib/gcc/pic32c/8.3.1/../../../../pic32c/lib/thumb/v8-m.base/nofp\libg-musl.a(__stderr.o)
 .ARM.attributes
                0x000000000000066e       0x32 c:/program files/microchip/xc32/v4.45/bin/bin/../../lib/gcc/pic32c/8.3.1/../../../../pic32c/lib/thumb/v8-m.base/nofp\libg-musl.a(__stdio_close.o)
 .ARM.attributes
                0x00000000000006a0       0x32 c:/program files/microchip/xc32/v4.45/bin/bin/../../lib/gcc/pic32c/8.3.1/../../../../pic32c/lib/thumb/v8-m.base/nofp\libg-musl.a(__stdio_write.o)
 .ARM.attributes
                0x00000000000006d2       0x32 c:/program files/microchip/xc32/v4.45/bin/bin/../../lib/gcc/pic32c/8.3.1/../../../../pic32c/lib/thumb/v8-m.base/nofp\libg-musl.a(__stdout.o)
 .ARM.attributes
                0x0000000000000704       0x32 c:/program files/microchip/xc32/v4.45/bin/bin/../../lib/gcc/pic32c/8.3.1/../../../../pic32c/lib/thumb/v8-m.base/nofp\libg-musl.a(__towrite.o)
 .ARM.attributes
                0x0000000000000736       0x32 c:/program files/microchip/xc32/v4.45/bin/bin/../../lib/gcc/pic32c/8.3.1/../../../../pic32c/lib/thumb/v8-m.base/nofp\libg-musl.a(writev.o)
 .ARM.attributes
                0x0000000000000768       0x30 c:/program files/microchip/xc32/v4.45/bin/bin/../../lib/gcc/pic32c/8.3.1/../../../../pic32c/lib/thumb/v8-m.base/nofp\libpic32c.a(close.o)
 .ARM.attributes
                0x0000000000000798       0x30 c:/program files/microchip/xc32/v4.45/bin/bin/../../lib/gcc/pic32c/8.3.1/../../../../pic32c/lib/thumb/v8-m.base/nofp\libpic32c.a(lseek.o)
 .ARM.attributes
                0x00000000000007c8       0x32 c:/program files/microchip/xc32/v4.45/bin/bin/../../lib/gcc/pic32c/8.3.1/../../../../pic32c/lib/thumb/v8-m.base/nofp\liblmalloc-musl.a(lite_malloc.o)
 .ARM.attributes
                0x00000000000007fa       0x32 c:/program files/microchip/xc32/v4.45/bin/bin/../../lib/gcc/pic32c/8.3.1/../../../../pic32c/lib/thumb/v8-m.base/nofp\liblmalloc-musl.a(lite_free.o)
 .ARM.attributes
                0x000000000000082c       0x32 c:/program files/microchip/xc32/v4.45/bin/bin/../../lib/gcc/pic32c/8.3.1/../../../../pic32c/lib/thumb/v8-m.base/nofp\libg-musl.a(__errno_location.o)
 .ARM.attributes
                0x000000000000085e       0x32 c:/program files/microchip/xc32/v4.45/bin/bin/../../lib/gcc/pic32c/8.3.1/../../../../pic32c/lib/thumb/v8-m.base/nofp\libg-musl.a(expand_heap.o)
 .ARM.attributes
                0x0000000000000890       0x30 c:/program files/microchip/xc32/v4.45/bin/bin/../../lib/gcc/pic32c/8.3.1/../../../../pic32c/lib/thumb/v8-m.base/nofp\libpic32c.a(sbrk.o)
 .ARM.attributes
                0x00000000000008c0       0x22 c:/program files/microchip/xc32/v4.45/bin/bin/../../lib/gcc/pic32c/8.3.1/thumb/v8-m.base/nofp/crtn.o
 .ARM.attributes
                0x00000000000008e2       0x30 c:/program files/microchip/xc32/v4.45/bin/bin/../../lib/gcc/pic32c/8.3.1/../../../../pic32c/lib/thumb/v8-m.base/nofp\libpic32c.a(pic32_data_init_clear.o)
 .ARM.attributes
                0x0000000000000912       0x30 c:/program files/microchip/xc32/v4.45/bin/bin/../../lib/gcc/pic32c/8.3.1/../../../../pic32c/lib/thumb/v8-m.base/nofp\libpic32c.a(pic32_data_init_copy.o)

.comment        0x0000000000000000       0x2b
 .comment       0x0000000000000000       0x2b c:/program files/microchip/xc32/v4.45/bin/bin/../../lib/gcc/pic32c/8.3.1/thumb/v8-m.base/nofp/crtbegin.o
                                         0x2c (size before relaxing)
 .comment       0x000000000000002b       0x2c build/default/debug/_ext/1984496892/plib_clock.o
 .comment       0x000000000000002b       0x2c build/default/debug/_ext/1986646378/plib_evsys.o
 .comment       0x000000000000002b       0x2c build/default/debug/_ext/1865468468/plib_nvic.o
 .comment       0x000000000000002b       0x2c build/default/debug/_ext/1593096446/plib_nvmctrl.o
 .comment       0x000000000000002b       0x2c build/default/debug/_ext/829342769/plib_pm.o
 .comment       0x000000000000002b       0x2c build/default/debug/_ext/163028504/xc32_monitor.o
 .comment       0x000000000000002b       0x2c build/default/debug/_ext/1171490990/initialization.o
 .comment       0x000000000000002b       0x2c build/default/debug/_ext/1171490990/startup_xc32.o
 .comment       0x000000000000002b       0x2c build/default/debug/_ext/1171490990/exceptions.o
 .comment       0x000000000000002b       0x2c build/default/debug/_ext/1171490990/interrupts.o
 .comment       0x000000000000002b       0x2c build/default/debug/_ext/1360937237/main.o
 .comment       0x000000000000002b       0x2c build/default/debug/GPIO_Methods.o
 .comment       0x000000000000002b       0x2c build/default/debug/Interrupt_Handlers.o
 .comment       0x000000000000002b       0x2c build/default/debug/Timer0_Methods.o
 .comment       0x000000000000002b       0x2c build/default/debug/SERCOM0_Methods_SPI.o
 .comment       0x000000000000002b       0x2c build/default/debug/SERCOM1_Methods_UART.o
 .comment       0x000000000000002b       0x2c build/default/debug/Pervaise_Display_E_Paper_Drivers.o
 .comment       0x000000000000002b       0x2c c:/program files/microchip/xc32/v4.45/bin/bin/../../lib/gcc/pic32c/8.3.1/../../../../pic32c/lib/thumb/v8-m.base/nofp\libpic32c.a(data_init.o)
 .comment       0x000000000000002b       0x2c c:/program files/microchip/xc32/v4.45/bin/bin/../../lib/gcc/pic32c/8.3.1/../../../../pic32c/lib/thumb/v8-m.base/nofp\libc-size-musl.a(memcpy.o)
 .comment       0x000000000000002b       0x2c c:/program files/microchip/xc32/v4.45/bin/bin/../../lib/gcc/pic32c/8.3.1/../../../../pic32c/lib/thumb/v8-m.base/nofp\libg-musl.a(__libc_start_main.o)
 .comment       0x000000000000002b       0x2c c:/program files/microchip/xc32/v4.45/bin/bin/../../lib/gcc/pic32c/8.3.1/../../../../pic32c/lib/thumb/v8-m.base/nofp\libg-musl.a(libc.o)
 .comment       0x000000000000002b       0x2c c:/program files/microchip/xc32/v4.45/bin/bin/../../lib/gcc/pic32c/8.3.1/../../../../pic32c/lib/thumb/v8-m.base/nofp\libg-musl.a(stdin.o)
 .comment       0x000000000000002b       0x2c c:/program files/microchip/xc32/v4.45/bin/bin/../../lib/gcc/pic32c/8.3.1/../../../../pic32c/lib/thumb/v8-m.base/nofp\libg-musl.a(stdout.o)
 .comment       0x000000000000002b       0x2c c:/program files/microchip/xc32/v4.45/bin/bin/../../lib/gcc/pic32c/8.3.1/../../../../pic32c/lib/thumb/v8-m.base/nofp\libg-musl.a(setbuf.o)
 .comment       0x000000000000002b       0x2c c:/program files/microchip/xc32/v4.45/bin/bin/../../lib/gcc/pic32c/8.3.1/../../../../pic32c/lib/thumb/v8-m.base/nofp\libg-musl.a(__environ.o)
 .comment       0x000000000000002b       0x2c c:/program files/microchip/xc32/v4.45/bin/bin/../../lib/gcc/pic32c/8.3.1/../../../../pic32c/lib/thumb/v8-m.base/nofp\libg-musl.a(__stdio_read.o)
 .comment       0x000000000000002b       0x2c c:/program files/microchip/xc32/v4.45/bin/bin/../../lib/gcc/pic32c/8.3.1/../../../../pic32c/lib/thumb/v8-m.base/nofp\libg-musl.a(__towrite_rw.o)
 .comment       0x000000000000002b       0x2c c:/program files/microchip/xc32/v4.45/bin/bin/../../lib/gcc/pic32c/8.3.1/../../../../pic32c/lib/thumb/v8-m.base/nofp\libg-musl.a(setvbuf.o)
 .comment       0x000000000000002b       0x2c c:/program files/microchip/xc32/v4.45/bin/bin/../../lib/gcc/pic32c/8.3.1/../../../../pic32c/lib/thumb/v8-m.base/nofp\libg-musl.a(readv.o)
 .comment       0x000000000000002b       0x2c c:/program files/microchip/xc32/v4.45/bin/bin/../../lib/gcc/pic32c/8.3.1/../../../../pic32c/lib/thumb/v8-m.base/nofp\libg-musl.a(__init_stdio.o)
 .comment       0x000000000000002b       0x2c c:/program files/microchip/xc32/v4.45/bin/bin/../../lib/gcc/pic32c/8.3.1/../../../../pic32c/lib/thumb/v8-m.base/nofp\libg-musl.a(__out.o)
 .comment       0x000000000000002b       0x2c c:/program files/microchip/xc32/v4.45/bin/bin/../../lib/gcc/pic32c/8.3.1/../../../../pic32c/lib/thumb/v8-m.base/nofp\libg-musl.a(__stderr.o)
 .comment       0x000000000000002b       0x2c c:/program files/microchip/xc32/v4.45/bin/bin/../../lib/gcc/pic32c/8.3.1/../../../../pic32c/lib/thumb/v8-m.base/nofp\libg-musl.a(__stdio_close.o)
 .comment       0x000000000000002b       0x2c c:/program files/microchip/xc32/v4.45/bin/bin/../../lib/gcc/pic32c/8.3.1/../../../../pic32c/lib/thumb/v8-m.base/nofp\libg-musl.a(__stdio_write.o)
 .comment       0x000000000000002b       0x2c c:/program files/microchip/xc32/v4.45/bin/bin/../../lib/gcc/pic32c/8.3.1/../../../../pic32c/lib/thumb/v8-m.base/nofp\libg-musl.a(__stdout.o)
 .comment       0x000000000000002b       0x2c c:/program files/microchip/xc32/v4.45/bin/bin/../../lib/gcc/pic32c/8.3.1/../../../../pic32c/lib/thumb/v8-m.base/nofp\libg-musl.a(__towrite.o)
 .comment       0x000000000000002b       0x2c c:/program files/microchip/xc32/v4.45/bin/bin/../../lib/gcc/pic32c/8.3.1/../../../../pic32c/lib/thumb/v8-m.base/nofp\libg-musl.a(writev.o)
 .comment       0x000000000000002b       0x2c c:/program files/microchip/xc32/v4.45/bin/bin/../../lib/gcc/pic32c/8.3.1/../../../../pic32c/lib/thumb/v8-m.base/nofp\libpic32c.a(close.o)
 .comment       0x000000000000002b       0x2c c:/program files/microchip/xc32/v4.45/bin/bin/../../lib/gcc/pic32c/8.3.1/../../../../pic32c/lib/thumb/v8-m.base/nofp\libpic32c.a(lseek.o)
 .comment       0x000000000000002b       0x2c c:/program files/microchip/xc32/v4.45/bin/bin/../../lib/gcc/pic32c/8.3.1/../../../../pic32c/lib/thumb/v8-m.base/nofp\liblmalloc-musl.a(lite_malloc.o)
 .comment       0x000000000000002b       0x2c c:/program files/microchip/xc32/v4.45/bin/bin/../../lib/gcc/pic32c/8.3.1/../../../../pic32c/lib/thumb/v8-m.base/nofp\liblmalloc-musl.a(lite_free.o)
 .comment       0x000000000000002b       0x2c c:/program files/microchip/xc32/v4.45/bin/bin/../../lib/gcc/pic32c/8.3.1/../../../../pic32c/lib/thumb/v8-m.base/nofp\libg-musl.a(__errno_location.o)
 .comment       0x000000000000002b       0x2c c:/program files/microchip/xc32/v4.45/bin/bin/../../lib/gcc/pic32c/8.3.1/../../../../pic32c/lib/thumb/v8-m.base/nofp\libg-musl.a(expand_heap.o)
 .comment       0x000000000000002b       0x2c c:/program files/microchip/xc32/v4.45/bin/bin/../../lib/gcc/pic32c/8.3.1/../../../../pic32c/lib/thumb/v8-m.base/nofp\libpic32c.a(sbrk.o)
 .comment       0x000000000000002b       0x2c c:/program files/microchip/xc32/v4.45/bin/bin/../../lib/gcc/pic32c/8.3.1/../../../../pic32c/lib/thumb/v8-m.base/nofp\libpic32c.a(pic32_data_init_clear.o)
 .comment       0x000000000000002b       0x2c c:/program files/microchip/xc32/v4.45/bin/bin/../../lib/gcc/pic32c/8.3.1/../../../../pic32c/lib/thumb/v8-m.base/nofp\libpic32c.a(pic32_data_init_copy.o)

.debug_info     0x0000000000000000     0x9e80
 .debug_info    0x0000000000000000      0x50b build/default/debug/_ext/1984496892/plib_clock.o
 .debug_info    0x000000000000050b       0x9c build/default/debug/_ext/1986646378/plib_evsys.o
 .debug_info    0x00000000000005a7      0x611 build/default/debug/_ext/1865468468/plib_nvic.o
 .debug_info    0x0000000000000bb8      0x711 build/default/debug/_ext/1593096446/plib_nvmctrl.o
 .debug_info    0x00000000000012c9      0x236 build/default/debug/_ext/829342769/plib_pm.o
 .debug_info    0x00000000000014ff       0xf1 build/default/debug/_ext/163028504/xc32_monitor.o
 .debug_info    0x00000000000015f0      0x380 build/default/debug/_ext/1171490990/initialization.o
 .debug_info    0x0000000000001970      0x1ac build/default/debug/_ext/1171490990/startup_xc32.o
 .debug_info    0x0000000000001b1c       0xb5 build/default/debug/_ext/1171490990/exceptions.o
 .debug_info    0x0000000000001bd1      0x4d4 build/default/debug/_ext/1171490990/interrupts.o
 .debug_info    0x00000000000020a5      0x8ea build/default/debug/_ext/1360937237/main.o
 .debug_info    0x000000000000298f      0x436 build/default/debug/GPIO_Methods.o
 .debug_info    0x0000000000002dc5       0x41 build/default/debug/Interrupt_Handlers.o
 .debug_info    0x0000000000002e06      0xbaf build/default/debug/Timer0_Methods.o
 .debug_info    0x00000000000039b5     0x11cf build/default/debug/SERCOM0_Methods_SPI.o
 .debug_info    0x0000000000004b84     0x109c build/default/debug/SERCOM1_Methods_UART.o
 .debug_info    0x0000000000005c20      0xb5d build/default/debug/Pervaise_Display_E_Paper_Drivers.o
 .debug_info    0x000000000000677d       0x54 c:/program files/microchip/xc32/v4.45/bin/bin/../../lib/gcc/pic32c/8.3.1/../../../../pic32c/lib/thumb/v8-m.base/nofp\libpic32c.a(data_init.o)
 .debug_info    0x00000000000067d1       0xed c:/program files/microchip/xc32/v4.45/bin/bin/../../lib/gcc/pic32c/8.3.1/../../../../pic32c/lib/thumb/v8-m.base/nofp\libc-size-musl.a(memcpy.o)
 .debug_info    0x00000000000068be      0x2fb c:/program files/microchip/xc32/v4.45/bin/bin/../../lib/gcc/pic32c/8.3.1/../../../../pic32c/lib/thumb/v8-m.base/nofp\libg-musl.a(__libc_start_main.o)
 .debug_info    0x0000000000006bb9      0x276 c:/program files/microchip/xc32/v4.45/bin/bin/../../lib/gcc/pic32c/8.3.1/../../../../pic32c/lib/thumb/v8-m.base/nofp\libg-musl.a(libc.o)
 .debug_info    0x0000000000006e2f      0x404 c:/program files/microchip/xc32/v4.45/bin/bin/../../lib/gcc/pic32c/8.3.1/../../../../pic32c/lib/thumb/v8-m.base/nofp\libg-musl.a(stdin.o)
 .debug_info    0x0000000000007233      0x1e9 c:/program files/microchip/xc32/v4.45/bin/bin/../../lib/gcc/pic32c/8.3.1/../../../../pic32c/lib/thumb/v8-m.base/nofp\libg-musl.a(stdout.o)
 .debug_info    0x000000000000741c       0xe6 c:/program files/microchip/xc32/v4.45/bin/bin/../../lib/gcc/pic32c/8.3.1/../../../../pic32c/lib/thumb/v8-m.base/nofp\libg-musl.a(setbuf.o)
 .debug_info    0x0000000000007502       0x97 c:/program files/microchip/xc32/v4.45/bin/bin/../../lib/gcc/pic32c/8.3.1/../../../../pic32c/lib/thumb/v8-m.base/nofp\libg-musl.a(__environ.o)
 .debug_info    0x0000000000007599      0x3ef c:/program files/microchip/xc32/v4.45/bin/bin/../../lib/gcc/pic32c/8.3.1/../../../../pic32c/lib/thumb/v8-m.base/nofp\libg-musl.a(__stdio_read.o)
 .debug_info    0x0000000000007988      0x331 c:/program files/microchip/xc32/v4.45/bin/bin/../../lib/gcc/pic32c/8.3.1/../../../../pic32c/lib/thumb/v8-m.base/nofp\libg-musl.a(__towrite_rw.o)
 .debug_info    0x0000000000007cb9      0x2bd c:/program files/microchip/xc32/v4.45/bin/bin/../../lib/gcc/pic32c/8.3.1/../../../../pic32c/lib/thumb/v8-m.base/nofp\libg-musl.a(setvbuf.o)
 .debug_info    0x0000000000007f76      0x146 c:/program files/microchip/xc32/v4.45/bin/bin/../../lib/gcc/pic32c/8.3.1/../../../../pic32c/lib/thumb/v8-m.base/nofp\libg-musl.a(readv.o)
 .debug_info    0x00000000000080bc       0xc3 c:/program files/microchip/xc32/v4.45/bin/bin/../../lib/gcc/pic32c/8.3.1/../../../../pic32c/lib/thumb/v8-m.base/nofp\libg-musl.a(__init_stdio.o)
 .debug_info    0x000000000000817f      0x2ba c:/program files/microchip/xc32/v4.45/bin/bin/../../lib/gcc/pic32c/8.3.1/../../../../pic32c/lib/thumb/v8-m.base/nofp\libg-musl.a(__out.o)
 .debug_info    0x0000000000008439      0x3a9 c:/program files/microchip/xc32/v4.45/bin/bin/../../lib/gcc/pic32c/8.3.1/../../../../pic32c/lib/thumb/v8-m.base/nofp\libg-musl.a(__stderr.o)
 .debug_info    0x00000000000087e2      0x3fd c:/program files/microchip/xc32/v4.45/bin/bin/../../lib/gcc/pic32c/8.3.1/../../../../pic32c/lib/thumb/v8-m.base/nofp\libg-musl.a(__stdio_close.o)
 .debug_info    0x0000000000008bdf      0x43e c:/program files/microchip/xc32/v4.45/bin/bin/../../lib/gcc/pic32c/8.3.1/../../../../pic32c/lib/thumb/v8-m.base/nofp\libg-musl.a(__stdio_write.o)
 .debug_info    0x000000000000901d      0x3a9 c:/program files/microchip/xc32/v4.45/bin/bin/../../lib/gcc/pic32c/8.3.1/../../../../pic32c/lib/thumb/v8-m.base/nofp\libg-musl.a(__stdout.o)
 .debug_info    0x00000000000093c6      0x275 c:/program files/microchip/xc32/v4.45/bin/bin/../../lib/gcc/pic32c/8.3.1/../../../../pic32c/lib/thumb/v8-m.base/nofp\libg-musl.a(__towrite.o)
 .debug_info    0x000000000000963b      0x146 c:/program files/microchip/xc32/v4.45/bin/bin/../../lib/gcc/pic32c/8.3.1/../../../../pic32c/lib/thumb/v8-m.base/nofp\libg-musl.a(writev.o)
 .debug_info    0x0000000000009781       0x3f c:/program files/microchip/xc32/v4.45/bin/bin/../../lib/gcc/pic32c/8.3.1/../../../../pic32c/lib/thumb/v8-m.base/nofp\libpic32c.a(close.o)
 .debug_info    0x00000000000097c0       0x3f c:/program files/microchip/xc32/v4.45/bin/bin/../../lib/gcc/pic32c/8.3.1/../../../../pic32c/lib/thumb/v8-m.base/nofp\libpic32c.a(lseek.o)
 .debug_info    0x00000000000097ff      0x1bd c:/program files/microchip/xc32/v4.45/bin/bin/../../lib/gcc/pic32c/8.3.1/../../../../pic32c/lib/thumb/v8-m.base/nofp\liblmalloc-musl.a(lite_malloc.o)
 .debug_info    0x00000000000099bc      0x272 c:/program files/microchip/xc32/v4.45/bin/bin/../../lib/gcc/pic32c/8.3.1/../../../../pic32c/lib/thumb/v8-m.base/nofp\liblmalloc-musl.a(lite_free.o)
 .debug_info    0x0000000000009c2e       0x5b c:/program files/microchip/xc32/v4.45/bin/bin/../../lib/gcc/pic32c/8.3.1/../../../../pic32c/lib/thumb/v8-m.base/nofp\libg-musl.a(__errno_location.o)
 .debug_info    0x0000000000009c89      0x10e c:/program files/microchip/xc32/v4.45/bin/bin/../../lib/gcc/pic32c/8.3.1/../../../../pic32c/lib/thumb/v8-m.base/nofp\libg-musl.a(expand_heap.o)
 .debug_info    0x0000000000009d97       0x6a c:/program files/microchip/xc32/v4.45/bin/bin/../../lib/gcc/pic32c/8.3.1/../../../../pic32c/lib/thumb/v8-m.base/nofp\libpic32c.a(sbrk.o)
 .debug_info    0x0000000000009e01       0x3f c:/program files/microchip/xc32/v4.45/bin/bin/../../lib/gcc/pic32c/8.3.1/../../../../pic32c/lib/thumb/v8-m.base/nofp\libpic32c.a(pic32_data_init_clear.o)
 .debug_info    0x0000000000009e40       0x40 c:/program files/microchip/xc32/v4.45/bin/bin/../../lib/gcc/pic32c/8.3.1/../../../../pic32c/lib/thumb/v8-m.base/nofp\libpic32c.a(pic32_data_init_copy.o)

.debug_abbrev   0x0000000000000000     0x2db6
 .debug_abbrev  0x0000000000000000       0xdc build/default/debug/_ext/1984496892/plib_clock.o
 .debug_abbrev  0x00000000000000dc       0x46 build/default/debug/_ext/1986646378/plib_evsys.o
 .debug_abbrev  0x0000000000000122      0x214 build/default/debug/_ext/1865468468/plib_nvic.o
 .debug_abbrev  0x0000000000000336      0x170 build/default/debug/_ext/1593096446/plib_nvmctrl.o
 .debug_abbrev  0x00000000000004a6      0x100 build/default/debug/_ext/829342769/plib_pm.o
 .debug_abbrev  0x00000000000005a6       0x9e build/default/debug/_ext/163028504/xc32_monitor.o
 .debug_abbrev  0x0000000000000644       0xfb build/default/debug/_ext/1171490990/initialization.o
 .debug_abbrev  0x000000000000073f       0xf0 build/default/debug/_ext/1171490990/startup_xc32.o
 .debug_abbrev  0x000000000000082f       0x49 build/default/debug/_ext/1171490990/exceptions.o
 .debug_abbrev  0x0000000000000878       0xc0 build/default/debug/_ext/1171490990/interrupts.o
 .debug_abbrev  0x0000000000000938      0x174 build/default/debug/_ext/1360937237/main.o
 .debug_abbrev  0x0000000000000aac      0x12b build/default/debug/GPIO_Methods.o
 .debug_abbrev  0x0000000000000bd7       0x30 build/default/debug/Interrupt_Handlers.o
 .debug_abbrev  0x0000000000000c07      0x1d0 build/default/debug/Timer0_Methods.o
 .debug_abbrev  0x0000000000000dd7      0x22f build/default/debug/SERCOM0_Methods_SPI.o
 .debug_abbrev  0x0000000000001006      0x20f build/default/debug/SERCOM1_Methods_UART.o
 .debug_abbrev  0x0000000000001215      0x17f build/default/debug/Pervaise_Display_E_Paper_Drivers.o
 .debug_abbrev  0x0000000000001394       0x44 c:/program files/microchip/xc32/v4.45/bin/bin/../../lib/gcc/pic32c/8.3.1/../../../../pic32c/lib/thumb/v8-m.base/nofp\libpic32c.a(data_init.o)
 .debug_abbrev  0x00000000000013d8       0xbb c:/program files/microchip/xc32/v4.45/bin/bin/../../lib/gcc/pic32c/8.3.1/../../../../pic32c/lib/thumb/v8-m.base/nofp\libc-size-musl.a(memcpy.o)
 .debug_abbrev  0x0000000000001493      0x133 c:/program files/microchip/xc32/v4.45/bin/bin/../../lib/gcc/pic32c/8.3.1/../../../../pic32c/lib/thumb/v8-m.base/nofp\libg-musl.a(__libc_start_main.o)
 .debug_abbrev  0x00000000000015c6       0xd4 c:/program files/microchip/xc32/v4.45/bin/bin/../../lib/gcc/pic32c/8.3.1/../../../../pic32c/lib/thumb/v8-m.base/nofp\libg-musl.a(libc.o)
 .debug_abbrev  0x000000000000169a      0x1b3 c:/program files/microchip/xc32/v4.45/bin/bin/../../lib/gcc/pic32c/8.3.1/../../../../pic32c/lib/thumb/v8-m.base/nofp\libg-musl.a(stdin.o)
 .debug_abbrev  0x000000000000184d      0x145 c:/program files/microchip/xc32/v4.45/bin/bin/../../lib/gcc/pic32c/8.3.1/../../../../pic32c/lib/thumb/v8-m.base/nofp\libg-musl.a(stdout.o)
 .debug_abbrev  0x0000000000001992       0xa8 c:/program files/microchip/xc32/v4.45/bin/bin/../../lib/gcc/pic32c/8.3.1/../../../../pic32c/lib/thumb/v8-m.base/nofp\libg-musl.a(setbuf.o)
 .debug_abbrev  0x0000000000001a3a       0x62 c:/program files/microchip/xc32/v4.45/bin/bin/../../lib/gcc/pic32c/8.3.1/../../../../pic32c/lib/thumb/v8-m.base/nofp\libg-musl.a(__environ.o)
 .debug_abbrev  0x0000000000001a9c      0x16c c:/program files/microchip/xc32/v4.45/bin/bin/../../lib/gcc/pic32c/8.3.1/../../../../pic32c/lib/thumb/v8-m.base/nofp\libg-musl.a(__stdio_read.o)
 .debug_abbrev  0x0000000000001c08       0xf8 c:/program files/microchip/xc32/v4.45/bin/bin/../../lib/gcc/pic32c/8.3.1/../../../../pic32c/lib/thumb/v8-m.base/nofp\libg-musl.a(__towrite_rw.o)
 .debug_abbrev  0x0000000000001d00      0x135 c:/program files/microchip/xc32/v4.45/bin/bin/../../lib/gcc/pic32c/8.3.1/../../../../pic32c/lib/thumb/v8-m.base/nofp\libg-musl.a(setvbuf.o)
 .debug_abbrev  0x0000000000001e35       0xf7 c:/program files/microchip/xc32/v4.45/bin/bin/../../lib/gcc/pic32c/8.3.1/../../../../pic32c/lib/thumb/v8-m.base/nofp\libg-musl.a(readv.o)
 .debug_abbrev  0x0000000000001f2c       0x65 c:/program files/microchip/xc32/v4.45/bin/bin/../../lib/gcc/pic32c/8.3.1/../../../../pic32c/lib/thumb/v8-m.base/nofp\libg-musl.a(__init_stdio.o)
 .debug_abbrev  0x0000000000001f91      0x177 c:/program files/microchip/xc32/v4.45/bin/bin/../../lib/gcc/pic32c/8.3.1/../../../../pic32c/lib/thumb/v8-m.base/nofp\libg-musl.a(__out.o)
 .debug_abbrev  0x0000000000002108      0x17e c:/program files/microchip/xc32/v4.45/bin/bin/../../lib/gcc/pic32c/8.3.1/../../../../pic32c/lib/thumb/v8-m.base/nofp\libg-musl.a(__stderr.o)
 .debug_abbrev  0x0000000000002286      0x14f c:/program files/microchip/xc32/v4.45/bin/bin/../../lib/gcc/pic32c/8.3.1/../../../../pic32c/lib/thumb/v8-m.base/nofp\libg-musl.a(__stdio_close.o)
 .debug_abbrev  0x00000000000023d5      0x1bd c:/program files/microchip/xc32/v4.45/bin/bin/../../lib/gcc/pic32c/8.3.1/../../../../pic32c/lib/thumb/v8-m.base/nofp\libg-musl.a(__stdio_write.o)
 .debug_abbrev  0x0000000000002592      0x17e c:/program files/microchip/xc32/v4.45/bin/bin/../../lib/gcc/pic32c/8.3.1/../../../../pic32c/lib/thumb/v8-m.base/nofp\libg-musl.a(__stdout.o)
 .debug_abbrev  0x0000000000002710      0x114 c:/program files/microchip/xc32/v4.45/bin/bin/../../lib/gcc/pic32c/8.3.1/../../../../pic32c/lib/thumb/v8-m.base/nofp\libg-musl.a(__towrite.o)
 .debug_abbrev  0x0000000000002824       0xf7 c:/program files/microchip/xc32/v4.45/bin/bin/../../lib/gcc/pic32c/8.3.1/../../../../pic32c/lib/thumb/v8-m.base/nofp\libg-musl.a(writev.o)
 .debug_abbrev  0x000000000000291b       0x2e c:/program files/microchip/xc32/v4.45/bin/bin/../../lib/gcc/pic32c/8.3.1/../../../../pic32c/lib/thumb/v8-m.base/nofp\libpic32c.a(close.o)
 .debug_abbrev  0x0000000000002949       0x2e c:/program files/microchip/xc32/v4.45/bin/bin/../../lib/gcc/pic32c/8.3.1/../../../../pic32c/lib/thumb/v8-m.base/nofp\libpic32c.a(lseek.o)
 .debug_abbrev  0x0000000000002977      0x117 c:/program files/microchip/xc32/v4.45/bin/bin/../../lib/gcc/pic32c/8.3.1/../../../../pic32c/lib/thumb/v8-m.base/nofp\liblmalloc-musl.a(lite_malloc.o)
 .debug_abbrev  0x0000000000002a8e      0x18b c:/program files/microchip/xc32/v4.45/bin/bin/../../lib/gcc/pic32c/8.3.1/../../../../pic32c/lib/thumb/v8-m.base/nofp\liblmalloc-musl.a(lite_free.o)
 .debug_abbrev  0x0000000000002c19       0x39 c:/program files/microchip/xc32/v4.45/bin/bin/../../lib/gcc/pic32c/8.3.1/../../../../pic32c/lib/thumb/v8-m.base/nofp\libg-musl.a(__errno_location.o)
 .debug_abbrev  0x0000000000002c52       0xc4 c:/program files/microchip/xc32/v4.45/bin/bin/../../lib/gcc/pic32c/8.3.1/../../../../pic32c/lib/thumb/v8-m.base/nofp\libg-musl.a(expand_heap.o)
 .debug_abbrev  0x0000000000002d16       0x44 c:/program files/microchip/xc32/v4.45/bin/bin/../../lib/gcc/pic32c/8.3.1/../../../../pic32c/lib/thumb/v8-m.base/nofp\libpic32c.a(sbrk.o)
 .debug_abbrev  0x0000000000002d5a       0x2e c:/program files/microchip/xc32/v4.45/bin/bin/../../lib/gcc/pic32c/8.3.1/../../../../pic32c/lib/thumb/v8-m.base/nofp\libpic32c.a(pic32_data_init_clear.o)
 .debug_abbrev  0x0000000000002d88       0x2e c:/program files/microchip/xc32/v4.45/bin/bin/../../lib/gcc/pic32c/8.3.1/../../../../pic32c/lib/thumb/v8-m.base/nofp\libpic32c.a(pic32_data_init_copy.o)

.debug_loc      0x0000000000000000     0x2828
 .debug_loc     0x0000000000000000      0x108 build/default/debug/_ext/1984496892/plib_clock.o
 .debug_loc     0x0000000000000108       0x2c build/default/debug/_ext/1986646378/plib_evsys.o
 .debug_loc     0x0000000000000134      0x1e0 build/default/debug/_ext/1865468468/plib_nvic.o
 .debug_loc     0x0000000000000314      0x394 build/default/debug/_ext/1593096446/plib_nvmctrl.o
 .debug_loc     0x00000000000006a8       0xe8 build/default/debug/_ext/829342769/plib_pm.o
 .debug_loc     0x0000000000000790       0x70 build/default/debug/_ext/163028504/xc32_monitor.o
 .debug_loc     0x0000000000000800       0x64 build/default/debug/_ext/1171490990/initialization.o
 .debug_loc     0x0000000000000864       0x20 build/default/debug/_ext/1171490990/startup_xc32.o
 .debug_loc     0x0000000000000884       0x58 build/default/debug/_ext/1171490990/exceptions.o
 .debug_loc     0x00000000000008dc       0xf4 build/default/debug/_ext/1360937237/main.o
 .debug_loc     0x00000000000009d0      0x150 build/default/debug/GPIO_Methods.o
 .debug_loc     0x0000000000000b20       0x2c build/default/debug/Interrupt_Handlers.o
 .debug_loc     0x0000000000000b4c      0x190 build/default/debug/Timer0_Methods.o
 .debug_loc     0x0000000000000cdc      0x30c build/default/debug/SERCOM0_Methods_SPI.o
 .debug_loc     0x0000000000000fe8      0x24c build/default/debug/SERCOM1_Methods_UART.o
 .debug_loc     0x0000000000001234      0x190 build/default/debug/Pervaise_Display_E_Paper_Drivers.o
 .debug_loc     0x00000000000013c4       0x14 c:/program files/microchip/xc32/v4.45/bin/bin/../../lib/gcc/pic32c/8.3.1/../../../../pic32c/lib/thumb/v8-m.base/nofp\libpic32c.a(data_init.o)
 .debug_loc     0x00000000000013d8      0x12d c:/program files/microchip/xc32/v4.45/bin/bin/../../lib/gcc/pic32c/8.3.1/../../../../pic32c/lib/thumb/v8-m.base/nofp\libc-size-musl.a(memcpy.o)
 .debug_loc     0x0000000000001505       0x5e c:/program files/microchip/xc32/v4.45/bin/bin/../../lib/gcc/pic32c/8.3.1/../../../../pic32c/lib/thumb/v8-m.base/nofp\libg-musl.a(__libc_start_main.o)
 .debug_loc     0x0000000000001563       0x45 c:/program files/microchip/xc32/v4.45/bin/bin/../../lib/gcc/pic32c/8.3.1/../../../../pic32c/lib/thumb/v8-m.base/nofp\libg-musl.a(stdin.o)
 .debug_loc     0x00000000000015a8       0x40 c:/program files/microchip/xc32/v4.45/bin/bin/../../lib/gcc/pic32c/8.3.1/../../../../pic32c/lib/thumb/v8-m.base/nofp\libg-musl.a(stdout.o)
 .debug_loc     0x00000000000015e8       0x6a c:/program files/microchip/xc32/v4.45/bin/bin/../../lib/gcc/pic32c/8.3.1/../../../../pic32c/lib/thumb/v8-m.base/nofp\libg-musl.a(setbuf.o)
 .debug_loc     0x0000000000001652      0x107 c:/program files/microchip/xc32/v4.45/bin/bin/../../lib/gcc/pic32c/8.3.1/../../../../pic32c/lib/thumb/v8-m.base/nofp\libg-musl.a(__stdio_read.o)
 .debug_loc     0x0000000000001759       0x42 c:/program files/microchip/xc32/v4.45/bin/bin/../../lib/gcc/pic32c/8.3.1/../../../../pic32c/lib/thumb/v8-m.base/nofp\libg-musl.a(__towrite_rw.o)
 .debug_loc     0x000000000000179b       0xf8 c:/program files/microchip/xc32/v4.45/bin/bin/../../lib/gcc/pic32c/8.3.1/../../../../pic32c/lib/thumb/v8-m.base/nofp\libg-musl.a(setvbuf.o)
 .debug_loc     0x0000000000001893      0x130 c:/program files/microchip/xc32/v4.45/bin/bin/../../lib/gcc/pic32c/8.3.1/../../../../pic32c/lib/thumb/v8-m.base/nofp\libg-musl.a(readv.o)
 .debug_loc     0x00000000000019c3       0x20 c:/program files/microchip/xc32/v4.45/bin/bin/../../lib/gcc/pic32c/8.3.1/../../../../pic32c/lib/thumb/v8-m.base/nofp\libg-musl.a(__init_stdio.o)
 .debug_loc     0x00000000000019e3      0x1e6 c:/program files/microchip/xc32/v4.45/bin/bin/../../lib/gcc/pic32c/8.3.1/../../../../pic32c/lib/thumb/v8-m.base/nofp\libg-musl.a(__out.o)
 .debug_loc     0x0000000000001bc9       0x45 c:/program files/microchip/xc32/v4.45/bin/bin/../../lib/gcc/pic32c/8.3.1/../../../../pic32c/lib/thumb/v8-m.base/nofp\libg-musl.a(__stderr.o)
 .debug_loc     0x0000000000001c0e      0x1d8 c:/program files/microchip/xc32/v4.45/bin/bin/../../lib/gcc/pic32c/8.3.1/../../../../pic32c/lib/thumb/v8-m.base/nofp\libg-musl.a(__stdio_close.o)
 .debug_loc     0x0000000000001de6      0x364 c:/program files/microchip/xc32/v4.45/bin/bin/../../lib/gcc/pic32c/8.3.1/../../../../pic32c/lib/thumb/v8-m.base/nofp\libg-musl.a(__stdio_write.o)
 .debug_loc     0x000000000000214a       0x45 c:/program files/microchip/xc32/v4.45/bin/bin/../../lib/gcc/pic32c/8.3.1/../../../../pic32c/lib/thumb/v8-m.base/nofp\libg-musl.a(__stdout.o)
 .debug_loc     0x000000000000218f       0x8c c:/program files/microchip/xc32/v4.45/bin/bin/../../lib/gcc/pic32c/8.3.1/../../../../pic32c/lib/thumb/v8-m.base/nofp\libg-musl.a(__towrite.o)
 .debug_loc     0x000000000000221b      0x130 c:/program files/microchip/xc32/v4.45/bin/bin/../../lib/gcc/pic32c/8.3.1/../../../../pic32c/lib/thumb/v8-m.base/nofp\libg-musl.a(writev.o)
 .debug_loc     0x000000000000234b       0xe2 c:/program files/microchip/xc32/v4.45/bin/bin/../../lib/gcc/pic32c/8.3.1/../../../../pic32c/lib/thumb/v8-m.base/nofp\liblmalloc-musl.a(lite_malloc.o)
 .debug_loc     0x000000000000242d      0x343 c:/program files/microchip/xc32/v4.45/bin/bin/../../lib/gcc/pic32c/8.3.1/../../../../pic32c/lib/thumb/v8-m.base/nofp\liblmalloc-musl.a(lite_free.o)
 .debug_loc     0x0000000000002770       0x7c c:/program files/microchip/xc32/v4.45/bin/bin/../../lib/gcc/pic32c/8.3.1/../../../../pic32c/lib/thumb/v8-m.base/nofp\libg-musl.a(expand_heap.o)
 .debug_loc     0x00000000000027ec       0x28 c:/program files/microchip/xc32/v4.45/bin/bin/../../lib/gcc/pic32c/8.3.1/../../../../pic32c/lib/thumb/v8-m.base/nofp\libpic32c.a(sbrk.o)
 .debug_loc     0x0000000000002814       0x14 c:/program files/microchip/xc32/v4.45/bin/bin/../../lib/gcc/pic32c/8.3.1/../../../../pic32c/lib/thumb/v8-m.base/nofp\libpic32c.a(pic32_data_init_copy.o)

.debug_aranges  0x0000000000000000      0x8e8
 .debug_aranges
                0x0000000000000000       0x48 build/default/debug/_ext/1984496892/plib_clock.o
 .debug_aranges
                0x0000000000000048       0x20 build/default/debug/_ext/1986646378/plib_evsys.o
 .debug_aranges
                0x0000000000000068       0x60 build/default/debug/_ext/1865468468/plib_nvic.o
 .debug_aranges
                0x00000000000000c8       0xa0 build/default/debug/_ext/1593096446/plib_nvmctrl.o
 .debug_aranges
                0x0000000000000168       0x40 build/default/debug/_ext/829342769/plib_pm.o
 .debug_aranges
                0x00000000000001a8       0x28 build/default/debug/_ext/163028504/xc32_monitor.o
 .debug_aranges
                0x00000000000001d0       0x28 build/default/debug/_ext/1171490990/initialization.o
 .debug_aranges
                0x00000000000001f8       0x28 build/default/debug/_ext/1171490990/startup_xc32.o
 .debug_aranges
                0x0000000000000220       0x28 build/default/debug/_ext/1171490990/exceptions.o
 .debug_aranges
                0x0000000000000248       0x20 build/default/debug/_ext/1171490990/interrupts.o
 .debug_aranges
                0x0000000000000268       0x40 build/default/debug/_ext/1360937237/main.o
 .debug_aranges
                0x00000000000002a8       0x48 build/default/debug/GPIO_Methods.o
 .debug_aranges
                0x00000000000002f0       0x20 build/default/debug/Interrupt_Handlers.o
 .debug_aranges
                0x0000000000000310       0x58 build/default/debug/Timer0_Methods.o
 .debug_aranges
                0x0000000000000368       0x90 build/default/debug/SERCOM0_Methods_SPI.o
 .debug_aranges
                0x00000000000003f8       0x78 build/default/debug/SERCOM1_Methods_UART.o
 .debug_aranges
                0x0000000000000470       0x58 build/default/debug/Pervaise_Display_E_Paper_Drivers.o
 .debug_aranges
                0x00000000000004c8       0x28 c:/program files/microchip/xc32/v4.45/bin/bin/../../lib/gcc/pic32c/8.3.1/../../../../pic32c/lib/thumb/v8-m.base/nofp\libpic32c.a(data_init.o)
 .debug_aranges
                0x00000000000004f0       0x20 c:/program files/microchip/xc32/v4.45/bin/bin/../../lib/gcc/pic32c/8.3.1/../../../../pic32c/lib/thumb/v8-m.base/nofp\libc-size-musl.a(memcpy.o)
 .debug_aranges
                0x0000000000000510       0x28 c:/program files/microchip/xc32/v4.45/bin/bin/../../lib/gcc/pic32c/8.3.1/../../../../pic32c/lib/thumb/v8-m.base/nofp\libg-musl.a(__libc_start_main.o)
 .debug_aranges
                0x0000000000000538       0x18 c:/program files/microchip/xc32/v4.45/bin/bin/../../lib/gcc/pic32c/8.3.1/../../../../pic32c/lib/thumb/v8-m.base/nofp\libg-musl.a(libc.o)
 .debug_aranges
                0x0000000000000550       0x28 c:/program files/microchip/xc32/v4.45/bin/bin/../../lib/gcc/pic32c/8.3.1/../../../../pic32c/lib/thumb/v8-m.base/nofp\libg-musl.a(stdin.o)
 .debug_aranges
                0x0000000000000578       0x30 c:/program files/microchip/xc32/v4.45/bin/bin/../../lib/gcc/pic32c/8.3.1/../../../../pic32c/lib/thumb/v8-m.base/nofp\libg-musl.a(stdout.o)
 .debug_aranges
                0x00000000000005a8       0x20 c:/program files/microchip/xc32/v4.45/bin/bin/../../lib/gcc/pic32c/8.3.1/../../../../pic32c/lib/thumb/v8-m.base/nofp\libg-musl.a(setbuf.o)
 .debug_aranges
                0x00000000000005c8       0x18 c:/program files/microchip/xc32/v4.45/bin/bin/../../lib/gcc/pic32c/8.3.1/../../../../pic32c/lib/thumb/v8-m.base/nofp\libg-musl.a(__environ.o)
 .debug_aranges
                0x00000000000005e0       0x20 c:/program files/microchip/xc32/v4.45/bin/bin/../../lib/gcc/pic32c/8.3.1/../../../../pic32c/lib/thumb/v8-m.base/nofp\libg-musl.a(__stdio_read.o)
 .debug_aranges
                0x0000000000000600       0x20 c:/program files/microchip/xc32/v4.45/bin/bin/../../lib/gcc/pic32c/8.3.1/../../../../pic32c/lib/thumb/v8-m.base/nofp\libg-musl.a(__towrite_rw.o)
 .debug_aranges
                0x0000000000000620       0x28 c:/program files/microchip/xc32/v4.45/bin/bin/../../lib/gcc/pic32c/8.3.1/../../../../pic32c/lib/thumb/v8-m.base/nofp\libg-musl.a(setvbuf.o)
 .debug_aranges
                0x0000000000000648       0x20 c:/program files/microchip/xc32/v4.45/bin/bin/../../lib/gcc/pic32c/8.3.1/../../../../pic32c/lib/thumb/v8-m.base/nofp\libg-musl.a(readv.o)
 .debug_aranges
                0x0000000000000668       0x28 c:/program files/microchip/xc32/v4.45/bin/bin/../../lib/gcc/pic32c/8.3.1/../../../../pic32c/lib/thumb/v8-m.base/nofp\libg-musl.a(__init_stdio.o)
 .debug_aranges
                0x0000000000000690       0x28 c:/program files/microchip/xc32/v4.45/bin/bin/../../lib/gcc/pic32c/8.3.1/../../../../pic32c/lib/thumb/v8-m.base/nofp\libg-musl.a(__out.o)
 .debug_aranges
                0x00000000000006b8       0x30 c:/program files/microchip/xc32/v4.45/bin/bin/../../lib/gcc/pic32c/8.3.1/../../../../pic32c/lib/thumb/v8-m.base/nofp\libg-musl.a(__stderr.o)
 .debug_aranges
                0x00000000000006e8       0x28 c:/program files/microchip/xc32/v4.45/bin/bin/../../lib/gcc/pic32c/8.3.1/../../../../pic32c/lib/thumb/v8-m.base/nofp\libg-musl.a(__stdio_close.o)
 .debug_aranges
                0x0000000000000710       0x28 c:/program files/microchip/xc32/v4.45/bin/bin/../../lib/gcc/pic32c/8.3.1/../../../../pic32c/lib/thumb/v8-m.base/nofp\libg-musl.a(__stdio_write.o)
 .debug_aranges
                0x0000000000000738       0x30 c:/program files/microchip/xc32/v4.45/bin/bin/../../lib/gcc/pic32c/8.3.1/../../../../pic32c/lib/thumb/v8-m.base/nofp\libg-musl.a(__stdout.o)
 .debug_aranges
                0x0000000000000768       0x28 c:/program files/microchip/xc32/v4.45/bin/bin/../../lib/gcc/pic32c/8.3.1/../../../../pic32c/lib/thumb/v8-m.base/nofp\libg-musl.a(__towrite.o)
 .debug_aranges
                0x0000000000000790       0x20 c:/program files/microchip/xc32/v4.45/bin/bin/../../lib/gcc/pic32c/8.3.1/../../../../pic32c/lib/thumb/v8-m.base/nofp\libg-musl.a(writev.o)
 .debug_aranges
                0x00000000000007b0       0x20 c:/program files/microchip/xc32/v4.45/bin/bin/../../lib/gcc/pic32c/8.3.1/../../../../pic32c/lib/thumb/v8-m.base/nofp\libpic32c.a(close.o)
 .debug_aranges
                0x00000000000007d0       0x20 c:/program files/microchip/xc32/v4.45/bin/bin/../../lib/gcc/pic32c/8.3.1/../../../../pic32c/lib/thumb/v8-m.base/nofp\libpic32c.a(lseek.o)
 .debug_aranges
                0x00000000000007f0       0x20 c:/program files/microchip/xc32/v4.45/bin/bin/../../lib/gcc/pic32c/8.3.1/../../../../pic32c/lib/thumb/v8-m.base/nofp\liblmalloc-musl.a(lite_malloc.o)
 .debug_aranges
                0x0000000000000810       0x30 c:/program files/microchip/xc32/v4.45/bin/bin/../../lib/gcc/pic32c/8.3.1/../../../../pic32c/lib/thumb/v8-m.base/nofp\liblmalloc-musl.a(lite_free.o)
 .debug_aranges
                0x0000000000000840       0x18 c:/program files/microchip/xc32/v4.45/bin/bin/../../lib/gcc/pic32c/8.3.1/../../../../pic32c/lib/thumb/v8-m.base/nofp\libg-musl.a(__errno_location.o)
 .debug_aranges
                0x0000000000000858       0x20 c:/program files/microchip/xc32/v4.45/bin/bin/../../lib/gcc/pic32c/8.3.1/../../../../pic32c/lib/thumb/v8-m.base/nofp\libg-musl.a(expand_heap.o)
 .debug_aranges
                0x0000000000000878       0x30 c:/program files/microchip/xc32/v4.45/bin/bin/../../lib/gcc/pic32c/8.3.1/../../../../pic32c/lib/thumb/v8-m.base/nofp\libpic32c.a(sbrk.o)
 .debug_aranges
                0x00000000000008a8       0x20 c:/program files/microchip/xc32/v4.45/bin/bin/../../lib/gcc/pic32c/8.3.1/../../../../pic32c/lib/thumb/v8-m.base/nofp\libpic32c.a(pic32_data_init_clear.o)
 .debug_aranges
                0x00000000000008c8       0x20 c:/program files/microchip/xc32/v4.45/bin/bin/../../lib/gcc/pic32c/8.3.1/../../../../pic32c/lib/thumb/v8-m.base/nofp\libpic32c.a(pic32_data_init_copy.o)

.debug_ranges   0x0000000000000000      0x640
 .debug_ranges  0x0000000000000000       0x38 build/default/debug/_ext/1984496892/plib_clock.o
 .debug_ranges  0x0000000000000038       0x10 build/default/debug/_ext/1986646378/plib_evsys.o
 .debug_ranges  0x0000000000000048       0x50 build/default/debug/_ext/1865468468/plib_nvic.o
 .debug_ranges  0x0000000000000098       0x90 build/default/debug/_ext/1593096446/plib_nvmctrl.o
 .debug_ranges  0x0000000000000128       0x30 build/default/debug/_ext/829342769/plib_pm.o
 .debug_ranges  0x0000000000000158       0x18 build/default/debug/_ext/163028504/xc32_monitor.o
 .debug_ranges  0x0000000000000170       0x18 build/default/debug/_ext/1171490990/initialization.o
 .debug_ranges  0x0000000000000188       0x18 build/default/debug/_ext/1171490990/startup_xc32.o
 .debug_ranges  0x00000000000001a0       0x18 build/default/debug/_ext/1171490990/exceptions.o
 .debug_ranges  0x00000000000001b8       0x10 build/default/debug/_ext/1171490990/interrupts.o
 .debug_ranges  0x00000000000001c8       0x30 build/default/debug/_ext/1360937237/main.o
 .debug_ranges  0x00000000000001f8       0x38 build/default/debug/GPIO_Methods.o
 .debug_ranges  0x0000000000000230       0x10 build/default/debug/Interrupt_Handlers.o
 .debug_ranges  0x0000000000000240       0x48 build/default/debug/Timer0_Methods.o
 .debug_ranges  0x0000000000000288       0x80 build/default/debug/SERCOM0_Methods_SPI.o
 .debug_ranges  0x0000000000000308       0x68 build/default/debug/SERCOM1_Methods_UART.o
 .debug_ranges  0x0000000000000370       0x48 build/default/debug/Pervaise_Display_E_Paper_Drivers.o
 .debug_ranges  0x00000000000003b8       0x18 c:/program files/microchip/xc32/v4.45/bin/bin/../../lib/gcc/pic32c/8.3.1/../../../../pic32c/lib/thumb/v8-m.base/nofp\libpic32c.a(data_init.o)
 .debug_ranges  0x00000000000003d0       0x10 c:/program files/microchip/xc32/v4.45/bin/bin/../../lib/gcc/pic32c/8.3.1/../../../../pic32c/lib/thumb/v8-m.base/nofp\libc-size-musl.a(memcpy.o)
 .debug_ranges  0x00000000000003e0       0x38 c:/program files/microchip/xc32/v4.45/bin/bin/../../lib/gcc/pic32c/8.3.1/../../../../pic32c/lib/thumb/v8-m.base/nofp\libg-musl.a(__libc_start_main.o)
 .debug_ranges  0x0000000000000418       0x18 c:/program files/microchip/xc32/v4.45/bin/bin/../../lib/gcc/pic32c/8.3.1/../../../../pic32c/lib/thumb/v8-m.base/nofp\libg-musl.a(stdin.o)
 .debug_ranges  0x0000000000000430       0x20 c:/program files/microchip/xc32/v4.45/bin/bin/../../lib/gcc/pic32c/8.3.1/../../../../pic32c/lib/thumb/v8-m.base/nofp\libg-musl.a(stdout.o)
 .debug_ranges  0x0000000000000450       0x10 c:/program files/microchip/xc32/v4.45/bin/bin/../../lib/gcc/pic32c/8.3.1/../../../../pic32c/lib/thumb/v8-m.base/nofp\libg-musl.a(setbuf.o)
 .debug_ranges  0x0000000000000460       0x10 c:/program files/microchip/xc32/v4.45/bin/bin/../../lib/gcc/pic32c/8.3.1/../../../../pic32c/lib/thumb/v8-m.base/nofp\libg-musl.a(__stdio_read.o)
 .debug_ranges  0x0000000000000470       0x10 c:/program files/microchip/xc32/v4.45/bin/bin/../../lib/gcc/pic32c/8.3.1/../../../../pic32c/lib/thumb/v8-m.base/nofp\libg-musl.a(__towrite_rw.o)
 .debug_ranges  0x0000000000000480       0x18 c:/program files/microchip/xc32/v4.45/bin/bin/../../lib/gcc/pic32c/8.3.1/../../../../pic32c/lib/thumb/v8-m.base/nofp\libg-musl.a(setvbuf.o)
 .debug_ranges  0x0000000000000498       0x10 c:/program files/microchip/xc32/v4.45/bin/bin/../../lib/gcc/pic32c/8.3.1/../../../../pic32c/lib/thumb/v8-m.base/nofp\libg-musl.a(readv.o)
 .debug_ranges  0x00000000000004a8       0x18 c:/program files/microchip/xc32/v4.45/bin/bin/../../lib/gcc/pic32c/8.3.1/../../../../pic32c/lib/thumb/v8-m.base/nofp\libg-musl.a(__init_stdio.o)
 .debug_ranges  0x00000000000004c0       0x18 c:/program files/microchip/xc32/v4.45/bin/bin/../../lib/gcc/pic32c/8.3.1/../../../../pic32c/lib/thumb/v8-m.base/nofp\libg-musl.a(__out.o)
 .debug_ranges  0x00000000000004d8       0x20 c:/program files/microchip/xc32/v4.45/bin/bin/../../lib/gcc/pic32c/8.3.1/../../../../pic32c/lib/thumb/v8-m.base/nofp\libg-musl.a(__stderr.o)
 .debug_ranges  0x00000000000004f8       0x18 c:/program files/microchip/xc32/v4.45/bin/bin/../../lib/gcc/pic32c/8.3.1/../../../../pic32c/lib/thumb/v8-m.base/nofp\libg-musl.a(__stdio_close.o)
 .debug_ranges  0x0000000000000510       0x30 c:/program files/microchip/xc32/v4.45/bin/bin/../../lib/gcc/pic32c/8.3.1/../../../../pic32c/lib/thumb/v8-m.base/nofp\libg-musl.a(__stdio_write.o)
 .debug_ranges  0x0000000000000540       0x20 c:/program files/microchip/xc32/v4.45/bin/bin/../../lib/gcc/pic32c/8.3.1/../../../../pic32c/lib/thumb/v8-m.base/nofp\libg-musl.a(__stdout.o)
 .debug_ranges  0x0000000000000560       0x18 c:/program files/microchip/xc32/v4.45/bin/bin/../../lib/gcc/pic32c/8.3.1/../../../../pic32c/lib/thumb/v8-m.base/nofp\libg-musl.a(__towrite.o)
 .debug_ranges  0x0000000000000578       0x10 c:/program files/microchip/xc32/v4.45/bin/bin/../../lib/gcc/pic32c/8.3.1/../../../../pic32c/lib/thumb/v8-m.base/nofp\libg-musl.a(writev.o)
 .debug_ranges  0x0000000000000588       0x10 c:/program files/microchip/xc32/v4.45/bin/bin/../../lib/gcc/pic32c/8.3.1/../../../../pic32c/lib/thumb/v8-m.base/nofp\libpic32c.a(close.o)
 .debug_ranges  0x0000000000000598       0x10 c:/program files/microchip/xc32/v4.45/bin/bin/../../lib/gcc/pic32c/8.3.1/../../../../pic32c/lib/thumb/v8-m.base/nofp\libpic32c.a(lseek.o)
 .debug_ranges  0x00000000000005a8       0x10 c:/program files/microchip/xc32/v4.45/bin/bin/../../lib/gcc/pic32c/8.3.1/../../../../pic32c/lib/thumb/v8-m.base/nofp\liblmalloc-musl.a(lite_malloc.o)
 .debug_ranges  0x00000000000005b8       0x38 c:/program files/microchip/xc32/v4.45/bin/bin/../../lib/gcc/pic32c/8.3.1/../../../../pic32c/lib/thumb/v8-m.base/nofp\liblmalloc-musl.a(lite_free.o)
 .debug_ranges  0x00000000000005f0       0x10 c:/program files/microchip/xc32/v4.45/bin/bin/../../lib/gcc/pic32c/8.3.1/../../../../pic32c/lib/thumb/v8-m.base/nofp\libg-musl.a(expand_heap.o)
 .debug_ranges  0x0000000000000600       0x20 c:/program files/microchip/xc32/v4.45/bin/bin/../../lib/gcc/pic32c/8.3.1/../../../../pic32c/lib/thumb/v8-m.base/nofp\libpic32c.a(sbrk.o)
 .debug_ranges  0x0000000000000620       0x10 c:/program files/microchip/xc32/v4.45/bin/bin/../../lib/gcc/pic32c/8.3.1/../../../../pic32c/lib/thumb/v8-m.base/nofp\libpic32c.a(pic32_data_init_clear.o)
 .debug_ranges  0x0000000000000630       0x10 c:/program files/microchip/xc32/v4.45/bin/bin/../../lib/gcc/pic32c/8.3.1/../../../../pic32c/lib/thumb/v8-m.base/nofp\libpic32c.a(pic32_data_init_copy.o)

.debug_line     0x0000000000000000     0x48e5
 .debug_line    0x0000000000000000      0x1eb build/default/debug/_ext/1984496892/plib_clock.o
 .debug_line    0x00000000000001eb       0x66 build/default/debug/_ext/1986646378/plib_evsys.o
 .debug_line    0x0000000000000251      0x2be build/default/debug/_ext/1865468468/plib_nvic.o
 .debug_line    0x000000000000050f      0x38d build/default/debug/_ext/1593096446/plib_nvmctrl.o
 .debug_line    0x000000000000089c      0x1d6 build/default/debug/_ext/829342769/plib_pm.o
 .debug_line    0x0000000000000a72       0xc6 build/default/debug/_ext/163028504/xc32_monitor.o
 .debug_line    0x0000000000000b38      0x14a build/default/debug/_ext/1171490990/initialization.o
 .debug_line    0x0000000000000c82      0x104 build/default/debug/_ext/1171490990/startup_xc32.o
 .debug_line    0x0000000000000d86       0x73 build/default/debug/_ext/1171490990/exceptions.o
 .debug_line    0x0000000000000df9       0xb9 build/default/debug/_ext/1171490990/interrupts.o
 .debug_line    0x0000000000000eb2      0x1f4 build/default/debug/_ext/1360937237/main.o
 .debug_line    0x00000000000010a6      0x19e build/default/debug/GPIO_Methods.o
 .debug_line    0x0000000000001244       0x4a build/default/debug/Interrupt_Handlers.o
 .debug_line    0x000000000000128e      0x296 build/default/debug/Timer0_Methods.o
 .debug_line    0x0000000000001524      0x40a build/default/debug/SERCOM0_Methods_SPI.o
 .debug_line    0x000000000000192e      0x3f4 build/default/debug/SERCOM1_Methods_UART.o
 .debug_line    0x0000000000001d22      0x250 build/default/debug/Pervaise_Display_E_Paper_Drivers.o
 .debug_line    0x0000000000001f72       0x8e c:/program files/microchip/xc32/v4.45/bin/bin/../../lib/gcc/pic32c/8.3.1/../../../../pic32c/lib/thumb/v8-m.base/nofp\libpic32c.a(data_init.o)
 .debug_line    0x0000000000002000       0xee c:/program files/microchip/xc32/v4.45/bin/bin/../../lib/gcc/pic32c/8.3.1/../../../../pic32c/lib/thumb/v8-m.base/nofp\libc-size-musl.a(memcpy.o)
 .debug_line    0x00000000000020ee      0x1bf c:/program files/microchip/xc32/v4.45/bin/bin/../../lib/gcc/pic32c/8.3.1/../../../../pic32c/lib/thumb/v8-m.base/nofp\libg-musl.a(__libc_start_main.o)
 .debug_line    0x00000000000022ad       0xb5 c:/program files/microchip/xc32/v4.45/bin/bin/../../lib/gcc/pic32c/8.3.1/../../../../pic32c/lib/thumb/v8-m.base/nofp\libg-musl.a(libc.o)
 .debug_line    0x0000000000002362      0x1cf c:/program files/microchip/xc32/v4.45/bin/bin/../../lib/gcc/pic32c/8.3.1/../../../../pic32c/lib/thumb/v8-m.base/nofp\libg-musl.a(stdin.o)
 .debug_line    0x0000000000002531      0x191 c:/program files/microchip/xc32/v4.45/bin/bin/../../lib/gcc/pic32c/8.3.1/../../../../pic32c/lib/thumb/v8-m.base/nofp\libg-musl.a(stdout.o)
 .debug_line    0x00000000000026c2      0x133 c:/program files/microchip/xc32/v4.45/bin/bin/../../lib/gcc/pic32c/8.3.1/../../../../pic32c/lib/thumb/v8-m.base/nofp\libg-musl.a(setbuf.o)
 .debug_line    0x00000000000027f5       0xfb c:/program files/microchip/xc32/v4.45/bin/bin/../../lib/gcc/pic32c/8.3.1/../../../../pic32c/lib/thumb/v8-m.base/nofp\libg-musl.a(__environ.o)
 .debug_line    0x00000000000028f0      0x240 c:/program files/microchip/xc32/v4.45/bin/bin/../../lib/gcc/pic32c/8.3.1/../../../../pic32c/lib/thumb/v8-m.base/nofp\libg-musl.a(__stdio_read.o)
 .debug_line    0x0000000000002b30      0x1eb c:/program files/microchip/xc32/v4.45/bin/bin/../../lib/gcc/pic32c/8.3.1/../../../../pic32c/lib/thumb/v8-m.base/nofp\libg-musl.a(__towrite_rw.o)
 .debug_line    0x0000000000002d1b      0x222 c:/program files/microchip/xc32/v4.45/bin/bin/../../lib/gcc/pic32c/8.3.1/../../../../pic32c/lib/thumb/v8-m.base/nofp\libg-musl.a(setvbuf.o)
 .debug_line    0x0000000000002f3d      0x15c c:/program files/microchip/xc32/v4.45/bin/bin/../../lib/gcc/pic32c/8.3.1/../../../../pic32c/lib/thumb/v8-m.base/nofp\libg-musl.a(readv.o)
 .debug_line    0x0000000000003099       0xd0 c:/program files/microchip/xc32/v4.45/bin/bin/../../lib/gcc/pic32c/8.3.1/../../../../pic32c/lib/thumb/v8-m.base/nofp\libg-musl.a(__init_stdio.o)
 .debug_line    0x0000000000003169      0x28f c:/program files/microchip/xc32/v4.45/bin/bin/../../lib/gcc/pic32c/8.3.1/../../../../pic32c/lib/thumb/v8-m.base/nofp\libg-musl.a(__out.o)
 .debug_line    0x00000000000033f8      0x1da c:/program files/microchip/xc32/v4.45/bin/bin/../../lib/gcc/pic32c/8.3.1/../../../../pic32c/lib/thumb/v8-m.base/nofp\libg-musl.a(__stderr.o)
 .debug_line    0x00000000000035d2      0x2de c:/program files/microchip/xc32/v4.45/bin/bin/../../lib/gcc/pic32c/8.3.1/../../../../pic32c/lib/thumb/v8-m.base/nofp\libg-musl.a(__stdio_close.o)
 .debug_line    0x00000000000038b0      0x339 c:/program files/microchip/xc32/v4.45/bin/bin/../../lib/gcc/pic32c/8.3.1/../../../../pic32c/lib/thumb/v8-m.base/nofp\libg-musl.a(__stdio_write.o)
 .debug_line    0x0000000000003be9      0x1da c:/program files/microchip/xc32/v4.45/bin/bin/../../lib/gcc/pic32c/8.3.1/../../../../pic32c/lib/thumb/v8-m.base/nofp\libg-musl.a(__stdout.o)
 .debug_line    0x0000000000003dc3      0x180 c:/program files/microchip/xc32/v4.45/bin/bin/../../lib/gcc/pic32c/8.3.1/../../../../pic32c/lib/thumb/v8-m.base/nofp\libg-musl.a(__towrite.o)
 .debug_line    0x0000000000003f43      0x15d c:/program files/microchip/xc32/v4.45/bin/bin/../../lib/gcc/pic32c/8.3.1/../../../../pic32c/lib/thumb/v8-m.base/nofp\libg-musl.a(writev.o)
 .debug_line    0x00000000000040a0       0x5c c:/program files/microchip/xc32/v4.45/bin/bin/../../lib/gcc/pic32c/8.3.1/../../../../pic32c/lib/thumb/v8-m.base/nofp\libpic32c.a(close.o)
 .debug_line    0x00000000000040fc       0x59 c:/program files/microchip/xc32/v4.45/bin/bin/../../lib/gcc/pic32c/8.3.1/../../../../pic32c/lib/thumb/v8-m.base/nofp\libpic32c.a(lseek.o)
 .debug_line    0x0000000000004155      0x1d3 c:/program files/microchip/xc32/v4.45/bin/bin/../../lib/gcc/pic32c/8.3.1/../../../../pic32c/lib/thumb/v8-m.base/nofp\liblmalloc-musl.a(lite_malloc.o)
 .debug_line    0x0000000000004328      0x26e c:/program files/microchip/xc32/v4.45/bin/bin/../../lib/gcc/pic32c/8.3.1/../../../../pic32c/lib/thumb/v8-m.base/nofp\liblmalloc-musl.a(lite_free.o)
 .debug_line    0x0000000000004596       0x9a c:/program files/microchip/xc32/v4.45/bin/bin/../../lib/gcc/pic32c/8.3.1/../../../../pic32c/lib/thumb/v8-m.base/nofp\libg-musl.a(__errno_location.o)
 .debug_line    0x0000000000004630       0xec c:/program files/microchip/xc32/v4.45/bin/bin/../../lib/gcc/pic32c/8.3.1/../../../../pic32c/lib/thumb/v8-m.base/nofp\libg-musl.a(expand_heap.o)
 .debug_line    0x000000000000471c       0xd2 c:/program files/microchip/xc32/v4.45/bin/bin/../../lib/gcc/pic32c/8.3.1/../../../../pic32c/lib/thumb/v8-m.base/nofp\libpic32c.a(sbrk.o)
 .debug_line    0x00000000000047ee       0x6f c:/program files/microchip/xc32/v4.45/bin/bin/../../lib/gcc/pic32c/8.3.1/../../../../pic32c/lib/thumb/v8-m.base/nofp\libpic32c.a(pic32_data_init_clear.o)
 .debug_line    0x000000000000485d       0x88 c:/program files/microchip/xc32/v4.45/bin/bin/../../lib/gcc/pic32c/8.3.1/../../../../pic32c/lib/thumb/v8-m.base/nofp\libpic32c.a(pic32_data_init_copy.o)

.debug_str      0x0000000000000000     0xa988
 .debug_str     0x0000000000000000      0x5fd build/default/debug/_ext/1984496892/plib_clock.o
 .debug_str     0x00000000000005fd      0x2bc build/default/debug/_ext/1986646378/plib_evsys.o
 .debug_str     0x00000000000008b9      0x703 build/default/debug/_ext/1865468468/plib_nvic.o
 .debug_str     0x0000000000000fbc      0x6b5 build/default/debug/_ext/1593096446/plib_nvmctrl.o
 .debug_str     0x0000000000001671      0x3bf build/default/debug/_ext/829342769/plib_pm.o
 .debug_str     0x0000000000001a30      0x25a build/default/debug/_ext/163028504/xc32_monitor.o
 .debug_str     0x0000000000001c8a      0x46a build/default/debug/_ext/1171490990/initialization.o
 .debug_str     0x00000000000020f4      0x306 build/default/debug/_ext/1171490990/startup_xc32.o
 .debug_str     0x00000000000023fa      0x2c3 build/default/debug/_ext/1171490990/exceptions.o
 .debug_str     0x00000000000026bd      0x75f build/default/debug/_ext/1171490990/interrupts.o
 .debug_str     0x0000000000002e1c      0x4fc build/default/debug/_ext/1360937237/main.o
 .debug_str     0x0000000000003318      0x414 build/default/debug/GPIO_Methods.o
 .debug_str     0x000000000000372c      0x1fc build/default/debug/Interrupt_Handlers.o
 .debug_str     0x0000000000003928      0x82c build/default/debug/Timer0_Methods.o
 .debug_str     0x0000000000004154      0x9ea build/default/debug/SERCOM0_Methods_SPI.o
 .debug_str     0x0000000000004b3e      0x98f build/default/debug/SERCOM1_Methods_UART.o
 .debug_str     0x00000000000054cd      0x573 build/default/debug/Pervaise_Display_E_Paper_Drivers.o
 .debug_str     0x0000000000005a40      0x1f8 c:/program files/microchip/xc32/v4.45/bin/bin/../../lib/gcc/pic32c/8.3.1/../../../../pic32c/lib/thumb/v8-m.base/nofp\libpic32c.a(data_init.o)
 .debug_str     0x0000000000005c38      0x232 c:/program files/microchip/xc32/v4.45/bin/bin/../../lib/gcc/pic32c/8.3.1/../../../../pic32c/lib/thumb/v8-m.base/nofp\libc-size-musl.a(memcpy.o)
 .debug_str     0x0000000000005e6a      0x3d7 c:/program files/microchip/xc32/v4.45/bin/bin/../../lib/gcc/pic32c/8.3.1/../../../../pic32c/lib/thumb/v8-m.base/nofp\libg-musl.a(__libc_start_main.o)
 .debug_str     0x0000000000006241      0x342 c:/program files/microchip/xc32/v4.45/bin/bin/../../lib/gcc/pic32c/8.3.1/../../../../pic32c/lib/thumb/v8-m.base/nofp\libg-musl.a(libc.o)
 .debug_str     0x0000000000006583      0x381 c:/program files/microchip/xc32/v4.45/bin/bin/../../lib/gcc/pic32c/8.3.1/../../../../pic32c/lib/thumb/v8-m.base/nofp\libg-musl.a(stdin.o)
 .debug_str     0x0000000000006904      0x315 c:/program files/microchip/xc32/v4.45/bin/bin/../../lib/gcc/pic32c/8.3.1/../../../../pic32c/lib/thumb/v8-m.base/nofp\libg-musl.a(stdout.o)
 .debug_str     0x0000000000006c19      0x22a c:/program files/microchip/xc32/v4.45/bin/bin/../../lib/gcc/pic32c/8.3.1/../../../../pic32c/lib/thumb/v8-m.base/nofp\libg-musl.a(setbuf.o)
 .debug_str     0x0000000000006e43      0x242 c:/program files/microchip/xc32/v4.45/bin/bin/../../lib/gcc/pic32c/8.3.1/../../../../pic32c/lib/thumb/v8-m.base/nofp\libg-musl.a(__environ.o)
 .debug_str     0x0000000000007085      0x36f c:/program files/microchip/xc32/v4.45/bin/bin/../../lib/gcc/pic32c/8.3.1/../../../../pic32c/lib/thumb/v8-m.base/nofp\libg-musl.a(__stdio_read.o)
 .debug_str     0x00000000000073f4      0x34a c:/program files/microchip/xc32/v4.45/bin/bin/../../lib/gcc/pic32c/8.3.1/../../../../pic32c/lib/thumb/v8-m.base/nofp\libg-musl.a(__towrite_rw.o)
 .debug_str     0x000000000000773e      0x31f c:/program files/microchip/xc32/v4.45/bin/bin/../../lib/gcc/pic32c/8.3.1/../../../../pic32c/lib/thumb/v8-m.base/nofp\libg-musl.a(setvbuf.o)
 .debug_str     0x0000000000007a5d      0x259 c:/program files/microchip/xc32/v4.45/bin/bin/../../lib/gcc/pic32c/8.3.1/../../../../pic32c/lib/thumb/v8-m.base/nofp\libg-musl.a(readv.o)
 .debug_str     0x0000000000007cb6      0x2a7 c:/program files/microchip/xc32/v4.45/bin/bin/../../lib/gcc/pic32c/8.3.1/../../../../pic32c/lib/thumb/v8-m.base/nofp\libg-musl.a(__init_stdio.o)
 .debug_str     0x0000000000007f5d      0x2e7 c:/program files/microchip/xc32/v4.45/bin/bin/../../lib/gcc/pic32c/8.3.1/../../../../pic32c/lib/thumb/v8-m.base/nofp\libg-musl.a(__out.o)
 .debug_str     0x0000000000008244      0x37a c:/program files/microchip/xc32/v4.45/bin/bin/../../lib/gcc/pic32c/8.3.1/../../../../pic32c/lib/thumb/v8-m.base/nofp\libg-musl.a(__stderr.o)
 .debug_str     0x00000000000085be      0x36a c:/program files/microchip/xc32/v4.45/bin/bin/../../lib/gcc/pic32c/8.3.1/../../../../pic32c/lib/thumb/v8-m.base/nofp\libg-musl.a(__stdio_close.o)
 .debug_str     0x0000000000008928      0x353 c:/program files/microchip/xc32/v4.45/bin/bin/../../lib/gcc/pic32c/8.3.1/../../../../pic32c/lib/thumb/v8-m.base/nofp\libg-musl.a(__stdio_write.o)
 .debug_str     0x0000000000008c7b      0x37a c:/program files/microchip/xc32/v4.45/bin/bin/../../lib/gcc/pic32c/8.3.1/../../../../pic32c/lib/thumb/v8-m.base/nofp\libg-musl.a(__stdout.o)
 .debug_str     0x0000000000008ff5      0x2f6 c:/program files/microchip/xc32/v4.45/bin/bin/../../lib/gcc/pic32c/8.3.1/../../../../pic32c/lib/thumb/v8-m.base/nofp\libg-musl.a(__towrite.o)
 .debug_str     0x00000000000092eb      0x25c c:/program files/microchip/xc32/v4.45/bin/bin/../../lib/gcc/pic32c/8.3.1/../../../../pic32c/lib/thumb/v8-m.base/nofp\libg-musl.a(writev.o)
 .debug_str     0x0000000000009547      0x1ca c:/program files/microchip/xc32/v4.45/bin/bin/../../lib/gcc/pic32c/8.3.1/../../../../pic32c/lib/thumb/v8-m.base/nofp\libpic32c.a(close.o)
 .debug_str     0x0000000000009711      0x1ca c:/program files/microchip/xc32/v4.45/bin/bin/../../lib/gcc/pic32c/8.3.1/../../../../pic32c/lib/thumb/v8-m.base/nofp\libpic32c.a(lseek.o)
 .debug_str     0x00000000000098db      0x30c c:/program files/microchip/xc32/v4.45/bin/bin/../../lib/gcc/pic32c/8.3.1/../../../../pic32c/lib/thumb/v8-m.base/nofp\liblmalloc-musl.a(lite_malloc.o)
 .debug_str     0x0000000000009be7      0x30e c:/program files/microchip/xc32/v4.45/bin/bin/../../lib/gcc/pic32c/8.3.1/../../../../pic32c/lib/thumb/v8-m.base/nofp\liblmalloc-musl.a(lite_free.o)
 .debug_str     0x0000000000009ef5      0x236 c:/program files/microchip/xc32/v4.45/bin/bin/../../lib/gcc/pic32c/8.3.1/../../../../pic32c/lib/thumb/v8-m.base/nofp\libg-musl.a(__errno_location.o)
 .debug_str     0x000000000000a12b      0x2b2 c:/program files/microchip/xc32/v4.45/bin/bin/../../lib/gcc/pic32c/8.3.1/../../../../pic32c/lib/thumb/v8-m.base/nofp\libg-musl.a(expand_heap.o)
 .debug_str     0x000000000000a3dd      0x1e9 c:/program files/microchip/xc32/v4.45/bin/bin/../../lib/gcc/pic32c/8.3.1/../../../../pic32c/lib/thumb/v8-m.base/nofp\libpic32c.a(sbrk.o)
 .debug_str     0x000000000000a5c6      0x1e2 c:/program files/microchip/xc32/v4.45/bin/bin/../../lib/gcc/pic32c/8.3.1/../../../../pic32c/lib/thumb/v8-m.base/nofp\libpic32c.a(pic32_data_init_clear.o)
 .debug_str     0x000000000000a7a8      0x1e0 c:/program files/microchip/xc32/v4.45/bin/bin/../../lib/gcc/pic32c/8.3.1/../../../../pic32c/lib/thumb/v8-m.base/nofp\libpic32c.a(pic32_data_init_copy.o)

.debug_frame    0x0000000000000000     0x12c4
 .debug_frame   0x0000000000000000       0xb8 build/default/debug/_ext/1984496892/plib_clock.o
 .debug_frame   0x00000000000000b8       0x2c build/default/debug/_ext/1986646378/plib_evsys.o
 .debug_frame   0x00000000000000e4      0x12c build/default/debug/_ext/1865468468/plib_nvic.o
 .debug_frame   0x0000000000000210      0x224 build/default/debug/_ext/1593096446/plib_nvmctrl.o
 .debug_frame   0x0000000000000434       0xa0 build/default/debug/_ext/829342769/plib_pm.o
 .debug_frame   0x00000000000004d4       0x50 build/default/debug/_ext/163028504/xc32_monitor.o
 .debug_frame   0x0000000000000524       0x4c build/default/debug/_ext/1171490990/initialization.o
 .debug_frame   0x0000000000000570       0x38 build/default/debug/_ext/1171490990/startup_xc32.o
 .debug_frame   0x00000000000005a8       0x48 build/default/debug/_ext/1171490990/exceptions.o
 .debug_frame   0x00000000000005f0       0x20 build/default/debug/_ext/1171490990/interrupts.o
 .debug_frame   0x0000000000000610       0xa4 build/default/debug/_ext/1360937237/main.o
 .debug_frame   0x00000000000006b4       0xd0 build/default/debug/GPIO_Methods.o
 .debug_frame   0x0000000000000784       0x2c build/default/debug/Interrupt_Handlers.o
 .debug_frame   0x00000000000007b0      0x100 build/default/debug/Timer0_Methods.o
 .debug_frame   0x00000000000008b0      0x1dc build/default/debug/SERCOM0_Methods_SPI.o
 .debug_frame   0x0000000000000a8c      0x174 build/default/debug/SERCOM1_Methods_UART.o
 .debug_frame   0x0000000000000c00      0x100 build/default/debug/Pervaise_Display_E_Paper_Drivers.o
 .debug_frame   0x0000000000000d00       0x38 c:/program files/microchip/xc32/v4.45/bin/bin/../../lib/gcc/pic32c/8.3.1/../../../../pic32c/lib/thumb/v8-m.base/nofp\libpic32c.a(data_init.o)
 .debug_frame   0x0000000000000d38       0x28 c:/program files/microchip/xc32/v4.45/bin/bin/../../lib/gcc/pic32c/8.3.1/../../../../pic32c/lib/thumb/v8-m.base/nofp\libc-size-musl.a(memcpy.o)
 .debug_frame   0x0000000000000d60       0x38 c:/program files/microchip/xc32/v4.45/bin/bin/../../lib/gcc/pic32c/8.3.1/../../../../pic32c/lib/thumb/v8-m.base/nofp\libg-musl.a(__libc_start_main.o)
 .debug_frame   0x0000000000000d98       0x38 c:/program files/microchip/xc32/v4.45/bin/bin/../../lib/gcc/pic32c/8.3.1/../../../../pic32c/lib/thumb/v8-m.base/nofp\libg-musl.a(stdin.o)
 .debug_frame   0x0000000000000dd0       0x50 c:/program files/microchip/xc32/v4.45/bin/bin/../../lib/gcc/pic32c/8.3.1/../../../../pic32c/lib/thumb/v8-m.base/nofp\libg-musl.a(stdout.o)
 .debug_frame   0x0000000000000e20       0x28 c:/program files/microchip/xc32/v4.45/bin/bin/../../lib/gcc/pic32c/8.3.1/../../../../pic32c/lib/thumb/v8-m.base/nofp\libg-musl.a(setbuf.o)
 .debug_frame   0x0000000000000e48       0x34 c:/program files/microchip/xc32/v4.45/bin/bin/../../lib/gcc/pic32c/8.3.1/../../../../pic32c/lib/thumb/v8-m.base/nofp\libg-musl.a(__stdio_read.o)
 .debug_frame   0x0000000000000e7c       0x20 c:/program files/microchip/xc32/v4.45/bin/bin/../../lib/gcc/pic32c/8.3.1/../../../../pic32c/lib/thumb/v8-m.base/nofp\libg-musl.a(__towrite_rw.o)
 .debug_frame   0x0000000000000e9c       0x44 c:/program files/microchip/xc32/v4.45/bin/bin/../../lib/gcc/pic32c/8.3.1/../../../../pic32c/lib/thumb/v8-m.base/nofp\libg-musl.a(setvbuf.o)
 .debug_frame   0x0000000000000ee0       0x34 c:/program files/microchip/xc32/v4.45/bin/bin/../../lib/gcc/pic32c/8.3.1/../../../../pic32c/lib/thumb/v8-m.base/nofp\libg-musl.a(readv.o)
 .debug_frame   0x0000000000000f14       0x38 c:/program files/microchip/xc32/v4.45/bin/bin/../../lib/gcc/pic32c/8.3.1/../../../../pic32c/lib/thumb/v8-m.base/nofp\libg-musl.a(__init_stdio.o)
 .debug_frame   0x0000000000000f4c       0x44 c:/program files/microchip/xc32/v4.45/bin/bin/../../lib/gcc/pic32c/8.3.1/../../../../pic32c/lib/thumb/v8-m.base/nofp\libg-musl.a(__out.o)
 .debug_frame   0x0000000000000f90       0x48 c:/program files/microchip/xc32/v4.45/bin/bin/../../lib/gcc/pic32c/8.3.1/../../../../pic32c/lib/thumb/v8-m.base/nofp\libg-musl.a(__stderr.o)
 .debug_frame   0x0000000000000fd8       0x48 c:/program files/microchip/xc32/v4.45/bin/bin/../../lib/gcc/pic32c/8.3.1/../../../../pic32c/lib/thumb/v8-m.base/nofp\libg-musl.a(__stdio_close.o)
 .debug_frame   0x0000000000001020       0x50 c:/program files/microchip/xc32/v4.45/bin/bin/../../lib/gcc/pic32c/8.3.1/../../../../pic32c/lib/thumb/v8-m.base/nofp\libg-musl.a(__stdio_write.o)
 .debug_frame   0x0000000000001070       0x48 c:/program files/microchip/xc32/v4.45/bin/bin/../../lib/gcc/pic32c/8.3.1/../../../../pic32c/lib/thumb/v8-m.base/nofp\libg-musl.a(__stdout.o)
 .debug_frame   0x00000000000010b8       0x38 c:/program files/microchip/xc32/v4.45/bin/bin/../../lib/gcc/pic32c/8.3.1/../../../../pic32c/lib/thumb/v8-m.base/nofp\libg-musl.a(__towrite.o)
 .debug_frame   0x00000000000010f0       0x34 c:/program files/microchip/xc32/v4.45/bin/bin/../../lib/gcc/pic32c/8.3.1/../../../../pic32c/lib/thumb/v8-m.base/nofp\libg-musl.a(writev.o)
 .debug_frame   0x0000000000001124       0x20 c:/program files/microchip/xc32/v4.45/bin/bin/../../lib/gcc/pic32c/8.3.1/../../../../pic32c/lib/thumb/v8-m.base/nofp\libpic32c.a(close.o)
 .debug_frame   0x0000000000001144       0x20 c:/program files/microchip/xc32/v4.45/bin/bin/../../lib/gcc/pic32c/8.3.1/../../../../pic32c/lib/thumb/v8-m.base/nofp\libpic32c.a(lseek.o)
 .debug_frame   0x0000000000001164       0x30 c:/program files/microchip/xc32/v4.45/bin/bin/../../lib/gcc/pic32c/8.3.1/../../../../pic32c/lib/thumb/v8-m.base/nofp\liblmalloc-musl.a(lite_malloc.o)
 .debug_frame   0x0000000000001194       0x6c c:/program files/microchip/xc32/v4.45/bin/bin/../../lib/gcc/pic32c/8.3.1/../../../../pic32c/lib/thumb/v8-m.base/nofp\liblmalloc-musl.a(lite_free.o)
 .debug_frame   0x0000000000001200       0x28 c:/program files/microchip/xc32/v4.45/bin/bin/../../lib/gcc/pic32c/8.3.1/../../../../pic32c/lib/thumb/v8-m.base/nofp\libg-musl.a(expand_heap.o)
 .debug_frame   0x0000000000001228       0x54 c:/program files/microchip/xc32/v4.45/bin/bin/../../lib/gcc/pic32c/8.3.1/../../../../pic32c/lib/thumb/v8-m.base/nofp\libpic32c.a(sbrk.o)
 .debug_frame   0x000000000000127c       0x20 c:/program files/microchip/xc32/v4.45/bin/bin/../../lib/gcc/pic32c/8.3.1/../../../../pic32c/lib/thumb/v8-m.base/nofp\libpic32c.a(pic32_data_init_clear.o)
 .debug_frame   0x000000000000129c       0x28 c:/program files/microchip/xc32/v4.45/bin/bin/../../lib/gcc/pic32c/8.3.1/../../../../pic32c/lib/thumb/v8-m.base/nofp\libpic32c.a(pic32_data_init_copy.o)

.note.GNU-stack
                0x0000000000000000        0x0
 .note.GNU-stack
                0x0000000000000000        0x0 c:/program files/microchip/xc32/v4.45/bin/bin/../../lib/gcc/pic32c/8.3.1/../../../../pic32c/lib/thumb/v8-m.base/nofp\libc-size-musl.a(memcpy.o)
 .note.GNU-stack
                0x0000000000000000        0x0 c:/program files/microchip/xc32/v4.45/bin/bin/../../lib/gcc/pic32c/8.3.1/../../../../pic32c/lib/thumb/v8-m.base/nofp\libg-musl.a(__libc_start_main.o)
 .note.GNU-stack
                0x0000000000000000        0x0 c:/program files/microchip/xc32/v4.45/bin/bin/../../lib/gcc/pic32c/8.3.1/../../../../pic32c/lib/thumb/v8-m.base/nofp\libg-musl.a(libc.o)
 .note.GNU-stack
                0x0000000000000000        0x0 c:/program files/microchip/xc32/v4.45/bin/bin/../../lib/gcc/pic32c/8.3.1/../../../../pic32c/lib/thumb/v8-m.base/nofp\libg-musl.a(stdin.o)
 .note.GNU-stack
                0x0000000000000000        0x0 c:/program files/microchip/xc32/v4.45/bin/bin/../../lib/gcc/pic32c/8.3.1/../../../../pic32c/lib/thumb/v8-m.base/nofp\libg-musl.a(stdout.o)
 .note.GNU-stack
                0x0000000000000000        0x0 c:/program files/microchip/xc32/v4.45/bin/bin/../../lib/gcc/pic32c/8.3.1/../../../../pic32c/lib/thumb/v8-m.base/nofp\libg-musl.a(setbuf.o)
 .note.GNU-stack
                0x0000000000000000        0x0 c:/program files/microchip/xc32/v4.45/bin/bin/../../lib/gcc/pic32c/8.3.1/../../../../pic32c/lib/thumb/v8-m.base/nofp\libg-musl.a(__environ.o)
 .note.GNU-stack
                0x0000000000000000        0x0 c:/program files/microchip/xc32/v4.45/bin/bin/../../lib/gcc/pic32c/8.3.1/../../../../pic32c/lib/thumb/v8-m.base/nofp\libg-musl.a(__stdio_read.o)
 .note.GNU-stack
                0x0000000000000000        0x0 c:/program files/microchip/xc32/v4.45/bin/bin/../../lib/gcc/pic32c/8.3.1/../../../../pic32c/lib/thumb/v8-m.base/nofp\libg-musl.a(__towrite_rw.o)
 .note.GNU-stack
                0x0000000000000000        0x0 c:/program files/microchip/xc32/v4.45/bin/bin/../../lib/gcc/pic32c/8.3.1/../../../../pic32c/lib/thumb/v8-m.base/nofp\libg-musl.a(setvbuf.o)
 .note.GNU-stack
                0x0000000000000000        0x0 c:/program files/microchip/xc32/v4.45/bin/bin/../../lib/gcc/pic32c/8.3.1/../../../../pic32c/lib/thumb/v8-m.base/nofp\libg-musl.a(readv.o)
 .note.GNU-stack
                0x0000000000000000        0x0 c:/program files/microchip/xc32/v4.45/bin/bin/../../lib/gcc/pic32c/8.3.1/../../../../pic32c/lib/thumb/v8-m.base/nofp\libg-musl.a(__init_stdio.o)
 .note.GNU-stack
                0x0000000000000000        0x0 c:/program files/microchip/xc32/v4.45/bin/bin/../../lib/gcc/pic32c/8.3.1/../../../../pic32c/lib/thumb/v8-m.base/nofp\libg-musl.a(__out.o)
 .note.GNU-stack
                0x0000000000000000        0x0 c:/program files/microchip/xc32/v4.45/bin/bin/../../lib/gcc/pic32c/8.3.1/../../../../pic32c/lib/thumb/v8-m.base/nofp\libg-musl.a(__stderr.o)
 .note.GNU-stack
                0x0000000000000000        0x0 c:/program files/microchip/xc32/v4.45/bin/bin/../../lib/gcc/pic32c/8.3.1/../../../../pic32c/lib/thumb/v8-m.base/nofp\libg-musl.a(__stdio_close.o)
 .note.GNU-stack
                0x0000000000000000        0x0 c:/program files/microchip/xc32/v4.45/bin/bin/../../lib/gcc/pic32c/8.3.1/../../../../pic32c/lib/thumb/v8-m.base/nofp\libg-musl.a(__stdio_write.o)
 .note.GNU-stack
                0x0000000000000000        0x0 c:/program files/microchip/xc32/v4.45/bin/bin/../../lib/gcc/pic32c/8.3.1/../../../../pic32c/lib/thumb/v8-m.base/nofp\libg-musl.a(__stdout.o)
 .note.GNU-stack
                0x0000000000000000        0x0 c:/program files/microchip/xc32/v4.45/bin/bin/../../lib/gcc/pic32c/8.3.1/../../../../pic32c/lib/thumb/v8-m.base/nofp\libg-musl.a(__towrite.o)
 .note.GNU-stack
                0x0000000000000000        0x0 c:/program files/microchip/xc32/v4.45/bin/bin/../../lib/gcc/pic32c/8.3.1/../../../../pic32c/lib/thumb/v8-m.base/nofp\libg-musl.a(writev.o)
 .note.GNU-stack
                0x0000000000000000        0x0 c:/program files/microchip/xc32/v4.45/bin/bin/../../lib/gcc/pic32c/8.3.1/../../../../pic32c/lib/thumb/v8-m.base/nofp\liblmalloc-musl.a(lite_malloc.o)
 .note.GNU-stack
                0x0000000000000000        0x0 c:/program files/microchip/xc32/v4.45/bin/bin/../../lib/gcc/pic32c/8.3.1/../../../../pic32c/lib/thumb/v8-m.base/nofp\liblmalloc-musl.a(lite_free.o)
 .note.GNU-stack
                0x0000000000000000        0x0 c:/program files/microchip/xc32/v4.45/bin/bin/../../lib/gcc/pic32c/8.3.1/../../../../pic32c/lib/thumb/v8-m.base/nofp\libg-musl.a(__errno_location.o)
 .note.GNU-stack
                0x0000000000000000        0x0 c:/program files/microchip/xc32/v4.45/bin/bin/../../lib/gcc/pic32c/8.3.1/../../../../pic32c/lib/thumb/v8-m.base/nofp\libg-musl.a(expand_heap.o)

__xc_reference_data
                0x0000000000000000       0xc8
 __xc_reference_data
                0x0000000000000000        0x8 c:/program files/microchip/xc32/v4.45/bin/bin/../../lib/gcc/pic32c/8.3.1/../../../../pic32c/lib/thumb/v8-m.base/nofp\libg-musl.a(stdin.o)
                0x0000000000000000                __stdin_needs_rw
 __xc_reference_data
                0x0000000000000008        0x8 c:/program files/microchip/xc32/v4.45/bin/bin/../../lib/gcc/pic32c/8.3.1/../../../../pic32c/lib/thumb/v8-m.base/nofp\libg-musl.a(stdout.o)
                0x0000000000000008                __stdout_needs_init
 __xc_reference_data
                0x0000000000000010       0x14 c:/program files/microchip/xc32/v4.45/bin/bin/../../lib/gcc/pic32c/8.3.1/../../../../pic32c/lib/thumb/v8-m.base/nofp\libg-musl.a(__io_init_needed.o)
                0x0000000000000010                __io_init_needed
                0x000000000000001c                __io_init_needs_file
 __xc_reference_data
                0x0000000000000024       0x20 c:/program files/microchip/xc32/v4.45/bin/bin/../../lib/gcc/pic32c/8.3.1/../../../../pic32c/lib/thumb/v8-m.base/nofp\libg-musl.a(__io_rw_needed.o)
                0x0000000000000024                __io_rw_needed
 __xc_reference_data
                0x0000000000000044        0x8 c:/program files/microchip/xc32/v4.45/bin/bin/../../lib/gcc/pic32c/8.3.1/../../../../pic32c/lib/thumb/v8-m.base/nofp\libg-musl.a(setvbuf.o)
                0x0000000000000044                __setvbuf_needs_buf
 __xc_reference_data
                0x000000000000004c       0x34 c:/program files/microchip/xc32/v4.45/bin/bin/../../lib/gcc/pic32c/8.3.1/../../../../pic32c/lib/thumb/v8-m.base/nofp\libg-musl.a(__io_buf_needed.o)
                0x000000000000004c                __io_buf_needed
 __xc_reference_data
                0x0000000000000080        0xc c:/program files/microchip/xc32/v4.45/bin/bin/../../lib/gcc/pic32c/8.3.1/../../../../pic32c/lib/thumb/v8-m.base/nofp\libg-musl.a(__io_file_needed.o)
                0x0000000000000080                __io_file_needed
 __xc_reference_data
                0x000000000000008c       0x2c c:/program files/microchip/xc32/v4.45/bin/bin/../../lib/gcc/pic32c/8.3.1/../../../../pic32c/lib/thumb/v8-m.base/nofp\libg-musl.a(__io_std_needed.o)
                0x000000000000008c                __io_std_needed
 __xc_reference_data
                0x00000000000000b8        0x8 c:/program files/microchip/xc32/v4.45/bin/bin/../../lib/gcc/pic32c/8.3.1/../../../../pic32c/lib/thumb/v8-m.base/nofp\libg-musl.a(__stderr.o)
                0x00000000000000b8                __stderr_needs_file
 __xc_reference_data
                0x00000000000000c0        0x8 c:/program files/microchip/xc32/v4.45/bin/bin/../../lib/gcc/pic32c/8.3.1/../../../../pic32c/lib/thumb/v8-m.base/nofp\libg-musl.a(__stdout.o)
                0x00000000000000c0                __stdout_needs_file

.stack          0x00000000200007e8      0x100
 .stack         0x00000000200007e8      0x100 stack

.bss%1          0x0000000020000000      0x408
 .bss           0x0000000020000000      0x408 c:/program files/microchip/xc32/v4.45/bin/bin/../../lib/gcc/pic32c/8.3.1/../../../../pic32c/lib/thumb/v8-m.base/nofp\libg-musl.a(stdin.o)

.bss%2          0x0000000020000408       0x50
 .bss           0x0000000020000408       0x50 c:/program files/microchip/xc32/v4.45/bin/bin/../../lib/gcc/pic32c/8.3.1/../../../../pic32c/lib/thumb/v8-m.base/nofp\libg-musl.a(libc.o)
                0x0000000020000408                __progname_full
                0x0000000020000408                program_invocation_name
                0x000000002000040c                program_invocation_short_name
                0x000000002000040c                __progname
                0x0000000020000410                __sysinfo
                0x0000000020000414                __hwcap
                0x0000000020000418                __libc

.bss%3          0x0000000020000458       0x1c
 .bss           0x0000000020000458       0x1c c:/program files/microchip/xc32/v4.45/bin/bin/../../lib/gcc/pic32c/8.3.1/thumb/v8-m.base/nofp/crtbegin.o

.bss%4          0x0000000020000474        0xc
 .bss           0x0000000020000474        0xc c:/program files/microchip/xc32/v4.45/bin/bin/../../lib/gcc/pic32c/8.3.1/../../../../pic32c/lib/thumb/v8-m.base/nofp\libpic32c.a(sbrk.o)
                0x0000000020000478                _maxbrk
                0x000000002000047c                _minbrk

.bss.Rtestpacket%5
                0x0000000020000480        0xa
 .bss.Rtestpacket
                0x0000000020000480        0xa build/default/debug/_ext/1360937237/main.o
                0x0000000020000480                Rtestpacket

.bss%6          0x000000002000048c        0x8
 .bss           0x000000002000048c        0x8 c:/program files/microchip/xc32/v4.45/bin/bin/../../lib/gcc/pic32c/8.3.1/../../../../pic32c/lib/thumb/v8-m.base/nofp\libg-musl.a(stdout.o)
                0x0000000020000490                __stdout_used

.bss.count%7    0x0000000020000494        0x4
 .bss.count     0x0000000020000494        0x4 build/default/debug/_ext/1360937237/main.o
                0x0000000020000494                count

.bss.Packet%8   0x0000000020000498        0x4
 .bss.Packet    0x0000000020000498        0x4 build/default/debug/SERCOM0_Methods_SPI.o
                0x0000000020000498                Packet

.bss.currentCS%9
                0x000000002000049c        0x4
 .bss.currentCS
                0x000000002000049c        0x4 build/default/debug/SERCOM0_Methods_SPI.o
                0x000000002000049c                currentCS

.bss.datatoread%10
                0x00000000200004a0        0x4
 .bss.datatoread
                0x00000000200004a0        0x4 build/default/debug/SERCOM1_Methods_UART.o
                0x00000000200004a0                datatoread

.bss.transmissionpacket%11
                0x00000000200004a4        0x4
 .bss.transmissionpacket
                0x00000000200004a4        0x4 build/default/debug/SERCOM1_Methods_UART.o
                0x00000000200004a4                transmissionpacket

.bss%12         0x00000000200004a8        0x4
 .bss           0x00000000200004a8        0x4 c:/program files/microchip/xc32/v4.45/bin/bin/../../lib/gcc/pic32c/8.3.1/../../../../pic32c/lib/thumb/v8-m.base/nofp\libpic32c.a(data_init.o)

.bss%13         0x00000000200004ac        0x4
 .bss           0x00000000200004ac        0x4 c:/program files/microchip/xc32/v4.45/bin/bin/../../lib/gcc/pic32c/8.3.1/../../../../pic32c/lib/thumb/v8-m.base/nofp\libg-musl.a(__environ.o)
                0x00000000200004ac                __environ
                0x00000000200004ac                environ
                0x00000000200004ac                ___environ
                0x00000000200004ac                _environ

.bss%14         0x00000000200004b0        0x4
 .bss           0x00000000200004b0        0x4 c:/program files/microchip/xc32/v4.45/bin/bin/../../lib/gcc/pic32c/8.3.1/../../../../pic32c/lib/thumb/v8-m.base/nofp\liblmalloc-musl.a(lite_free.o)
                0x00000000200004b0                __freelist

.bss%15         0x00000000200004b4        0x4
 .bss           0x00000000200004b4        0x4 c:/program files/microchip/xc32/v4.45/bin/bin/../../lib/gcc/pic32c/8.3.1/../../../../pic32c/lib/thumb/v8-m.base/nofp\libg-musl.a(__errno_location.o)
                0x00000000200004b4                __errno_val

.bss.queuepacketlength%16
                0x000000002000048a        0x2
 .bss.queuepacketlength
                0x000000002000048a        0x2 build/default/debug/_ext/1360937237/main.o
                0x000000002000048a                queuepacketlength

.bss.packetlength%17
                0x00000000200004b8        0x2
 .bss.packetlength
                0x00000000200004b8        0x2 build/default/debug/SERCOM0_Methods_SPI.o
                0x00000000200004b8                packetlength

.bss.packetpointer%18
                0x00000000200004ba        0x2
 .bss.packetpointer
                0x00000000200004ba        0x2 build/default/debug/SERCOM0_Methods_SPI.o
                0x00000000200004ba                packetpointer

.bss.packetlengthT%19
                0x00000000200004bc        0x2
 .bss.packetlengthT
                0x00000000200004bc        0x2 build/default/debug/SERCOM1_Methods_UART.o
                0x00000000200004bc                packetlengthT

.bss.packetlengthR%20
                0x00000000200004be        0x2
 .bss.packetlengthR
                0x00000000200004be        0x2 build/default/debug/SERCOM1_Methods_UART.o
                0x00000000200004be                packetlengthR

.bss.packetpointerT%21
                0x00000000200004c0        0x2
 .bss.packetpointerT
                0x00000000200004c0        0x2 build/default/debug/SERCOM1_Methods_UART.o
                0x00000000200004c0                packetpointerT

.bss.packetpointerR%22
                0x00000000200004c2        0x2
 .bss.packetpointerR
                0x00000000200004c2        0x2 build/default/debug/SERCOM1_Methods_UART.o
                0x00000000200004c2                packetpointerR

.bss.currentcount%23
                0x00000000200004c4        0x2
 .bss.currentcount
                0x00000000200004c4        0x2 build/default/debug/Pervaise_Display_E_Paper_Drivers.o
                0x00000000200004c4                currentcount

.bss.packetlengthcount%24
                0x00000000200004c6        0x2
 .bss.packetlengthcount
                0x00000000200004c6        0x2 build/default/debug/Pervaise_Display_E_Paper_Drivers.o
                0x00000000200004c6                packetlengthcount

.bss.changelevel%25
                0x00000000200004c8        0x1
 .bss.changelevel
                0x00000000200004c8        0x1 build/default/debug/_ext/1360937237/main.o
                0x00000000200004c8                changelevel

.bss.QueueMode%26
                0x00000000200004c9        0x1
 .bss.QueueMode
                0x00000000200004c9        0x1 build/default/debug/SERCOM0_Methods_SPI.o
                0x00000000200004c9                QueueMode

.bss.Repeatedsendmode%27
                0x00000000200004ca        0x1
 .bss.Repeatedsendmode
                0x00000000200004ca        0x1 build/default/debug/SERCOM0_Methods_SPI.o
                0x00000000200004ca                Repeatedsendmode

.bss.IsTransferingToSPI%28
                0x00000000200004cb        0x1
 .bss.IsTransferingToSPI
                0x00000000200004cb        0x1 build/default/debug/SERCOM1_Methods_UART.o